Archive member included because of file (symbol)

/usr/lib/gcc/avr/4.5.3/avr35/libgcc.a(_exit.o)
                              /usr/lib/gcc/avr/4.5.3/../../../avr/lib/avr35/crtm8u2.o (exit)

Memory Configuration

Name             Origin             Length             Attributes
text             0x0000000000000000 0x0000000000010000 xr
data             0x0000000000800060 0x000000000000ffa0 rw !x
eeprom           0x0000000000810000 0x0000000000010000 rw !x
fuse             0x0000000000820000 0x0000000000000400 rw !x
lock             0x0000000000830000 0x0000000000000400 rw !x
signature        0x0000000000840000 0x0000000000000400 rw !x
*default*        0x0000000000000000 0xffffffffffffffff

Linker script and memory map

Address of section .data set to 0x800100
LOAD /usr/lib/gcc/avr/4.5.3/../../../avr/lib/avr35/crtm8u2.o
LOAD demo.o
LOAD /usr/lib/gcc/avr/4.5.3/avr35/libgcc.a
LOAD /usr/lib/gcc/avr/4.5.3/../../../avr/lib/avr35/libc.a
LOAD /usr/lib/gcc/avr/4.5.3/avr35/libgcc.a

.hash
 *(.hash)

.dynsym
 *(.dynsym)

.dynstr
 *(.dynstr)

.gnu.version
 *(.gnu.version)

.gnu.version_d
 *(.gnu.version_d)

.gnu.version_r
 *(.gnu.version_r)

.rel.init
 *(.rel.init)

.rela.init
 *(.rela.init)

.rel.text
 *(.rel.text)
 *(.rel.text.*)
 *(.rel.gnu.linkonce.t*)

.rela.text
 *(.rela.text)
 *(.rela.text.*)
 *(.rela.gnu.linkonce.t*)

.rel.fini
 *(.rel.fini)

.rela.fini
 *(.rela.fini)

.rel.rodata
 *(.rel.rodata)
 *(.rel.rodata.*)
 *(.rel.gnu.linkonce.r*)

.rela.rodata
 *(.rela.rodata)
 *(.rela.rodata.*)
 *(.rela.gnu.linkonce.r*)

.rel.data
 *(.rel.data)
 *(.rel.data.*)
 *(.rel.gnu.linkonce.d*)

.rela.data
 *(.rela.data)
 *(.rela.data.*)
 *(.rela.gnu.linkonce.d*)

.rel.ctors
 *(.rel.ctors)

.rela.ctors
 *(.rela.ctors)

.rel.dtors
 *(.rel.dtors)

.rela.dtors
 *(.rela.dtors)

.rel.got
 *(.rel.got)

.rela.got
 *(.rela.got)

.rel.bss
 *(.rel.bss)

.rela.bss
 *(.rela.bss)

.rel.plt
 *(.rel.plt)

.rela.plt
 *(.rela.plt)

.text           0x0000000000000000      0x102
 *(.vectors)
 .vectors       0x0000000000000000       0x98 /usr/lib/gcc/avr/4.5.3/../../../avr/lib/avr35/crtm8u2.o
                0x0000000000000000                __vectors
                0x0000000000000000                __vector_default
 *(.vectors)
 *(.progmem.gcc*)
 *(.progmem*)
                0x0000000000000098                . = ALIGN (0x2)
                0x0000000000000098                __trampolines_start = .
 *(.trampolines)
 .trampolines   0x0000000000000098        0x0 linker stubs
 *(.trampolines*)
                0x0000000000000098                __trampolines_end = .
 *(.jumptables)
 *(.jumptables*)
 *(.lowtext)
 *(.lowtext*)
                0x0000000000000098                __ctors_start = .
 *(.ctors)
                0x0000000000000098                __ctors_end = .
                0x0000000000000098                __dtors_start = .
 *(.dtors)
                0x0000000000000098                __dtors_end = .
 SORT(*)(.ctors)
 SORT(*)(.dtors)
 *(.init0)
 .init0         0x0000000000000098        0x0 /usr/lib/gcc/avr/4.5.3/../../../avr/lib/avr35/crtm8u2.o
                0x0000000000000098                __init
 *(.init0)
 *(.init1)
 *(.init1)
 *(.init2)
 .init2         0x0000000000000098        0xc /usr/lib/gcc/avr/4.5.3/../../../avr/lib/avr35/crtm8u2.o
 *(.init2)
 *(.init3)
 *(.init3)
 *(.init4)
 *(.init4)
 *(.init5)
 *(.init5)
 *(.init6)
 *(.init6)
 *(.init7)
 *(.init7)
 *(.init8)
 *(.init8)
 *(.init9)
 .init9         0x00000000000000a4        0x8 /usr/lib/gcc/avr/4.5.3/../../../avr/lib/avr35/crtm8u2.o
 *(.init9)
 *(.text)
 .text          0x00000000000000ac        0x4 /usr/lib/gcc/avr/4.5.3/../../../avr/lib/avr35/crtm8u2.o
                0x00000000000000ac                __vector_22
                0x00000000000000ac                __vector_28
                0x00000000000000ac                __vector_1
                0x00000000000000ac                __vector_32
                0x00000000000000ac                __vector_34
                0x00000000000000ac                __vector_24
                0x00000000000000ac                __vector_12
                0x00000000000000ac                __bad_interrupt
                0x00000000000000ac                __vector_6
                0x00000000000000ac                __vector_31
                0x00000000000000ac                __vector_35
                0x00000000000000ac                __vector_3
                0x00000000000000ac                __vector_23
                0x00000000000000ac                __vector_30
                0x00000000000000ac                __vector_25
                0x00000000000000ac                __vector_11
                0x00000000000000ac                __vector_13
                0x00000000000000ac                __vector_17
                0x00000000000000ac                __vector_19
                0x00000000000000ac                __vector_7
                0x00000000000000ac                __vector_27
                0x00000000000000ac                __vector_5
                0x00000000000000ac                __vector_33
                0x00000000000000ac                __vector_37
                0x00000000000000ac                __vector_4
                0x00000000000000ac                __vector_9
                0x00000000000000ac                __vector_2
                0x00000000000000ac                __vector_21
                0x00000000000000ac                __vector_15
                0x00000000000000ac                __vector_36
                0x00000000000000ac                __vector_29
                0x00000000000000ac                __vector_8
                0x00000000000000ac                __vector_26
                0x00000000000000ac                __vector_14
                0x00000000000000ac                __vector_10
                0x00000000000000ac                __vector_16
                0x00000000000000ac                __vector_18
                0x00000000000000ac                __vector_20
 .text          0x00000000000000b0       0x4e demo.o
                0x00000000000000b0                main
 .text          0x00000000000000fe        0x0 /usr/lib/gcc/avr/4.5.3/avr35/libgcc.a(_exit.o)
                0x00000000000000fe                . = ALIGN (0x2)
 *(.text.*)
 .text.libgcc   0x00000000000000fe        0x0 /usr/lib/gcc/avr/4.5.3/avr35/libgcc.a(_exit.o)
                0x00000000000000fe                . = ALIGN (0x2)
 *(.fini9)
 .fini9         0x00000000000000fe        0x0 /usr/lib/gcc/avr/4.5.3/avr35/libgcc.a(_exit.o)
                0x00000000000000fe                exit
                0x00000000000000fe                _exit
 *(.fini9)
 *(.fini8)
 *(.fini8)
 *(.fini7)
 *(.fini7)
 *(.fini6)
 *(.fini6)
 *(.fini5)
 *(.fini5)
 *(.fini4)
 *(.fini4)
 *(.fini3)
 *(.fini3)
 *(.fini2)
 *(.fini2)
 *(.fini1)
 *(.fini1)
 *(.fini0)
 .fini0         0x00000000000000fe        0x4 /usr/lib/gcc/avr/4.5.3/avr35/libgcc.a(_exit.o)
 *(.fini0)
                0x0000000000000102                _etext = .

.data           0x0000000000800100        0x0 load address 0x0000000000000102
                0x0000000000800100                PROVIDE (__data_start, .)
 *(.data)
 .data          0x0000000000800100        0x0 /usr/lib/gcc/avr/4.5.3/../../../avr/lib/avr35/crtm8u2.o
 .data          0x0000000000800100        0x0 demo.o
 .data          0x0000000000800100        0x0 /usr/lib/gcc/avr/4.5.3/avr35/libgcc.a(_exit.o)
 *(.data*)
 *(.rodata)
 *(.rodata*)
 *(.gnu.linkonce.d*)
                0x0000000000800100                . = ALIGN (0x2)
                0x0000000000800100                _edata = .
                0x0000000000800100                PROVIDE (__data_end, .)

.bss            0x0000000000800100        0x0
                0x0000000000800100                PROVIDE (__bss_start, .)
 *(.bss)
 .bss           0x0000000000800100        0x0 /usr/lib/gcc/avr/4.5.3/../../../avr/lib/avr35/crtm8u2.o
 .bss           0x0000000000800100        0x0 demo.o
 .bss           0x0000000000800100        0x0 /usr/lib/gcc/avr/4.5.3/avr35/libgcc.a(_exit.o)
 *(.bss*)
 *(COMMON)
                0x0000000000800100                PROVIDE (__bss_end, .)
                0x0000000000000102                __data_load_start = LOADADDR (.data)
                0x0000000000000102                __data_load_end = (__data_load_start + SIZEOF (.data))

.noinit         0x0000000000800100        0x0
                0x0000000000800100                PROVIDE (__noinit_start, .)
 *(.noinit*)
                0x0000000000800100                PROVIDE (__noinit_end, .)
                0x0000000000800100                _end = .
                0x0000000000800100                PROVIDE (__heap_start, .)

.eeprom         0x0000000000810000        0x0
 *(.eeprom*)
                0x0000000000810000                __eeprom_end = .

.fuse
 *(.fuse)
 *(.lfuse)
 *(.hfuse)
 *(.efuse)

.lock
 *(.lock*)

.signature
 *(.signature*)

.stab           0x0000000000000000      0xa74
 *(.stab)
 .stab          0x0000000000000000      0x6cc /usr/lib/gcc/avr/4.5.3/../../../avr/lib/avr35/crtm8u2.o
 .stab          0x00000000000006cc      0x3a8 demo.o
                                        0x3b4 (size before relaxing)

.stabstr        0x0000000000000000      0x7c5
 *(.stabstr)
 .stabstr       0x0000000000000000      0x7c5 /usr/lib/gcc/avr/4.5.3/../../../avr/lib/avr35/crtm8u2.o

.stab.excl
 *(.stab.excl)

.stab.exclstr
 *(.stab.exclstr)

.stab.index
 *(.stab.index)

.stab.indexstr
 *(.stab.indexstr)

.comment
 *(.comment)

.debug
 *(.debug)

.line
 *(.line)

.debug_srcinfo
 *(.debug_srcinfo)

.debug_sfnames
 *(.debug_sfnames)

.debug_aranges
 *(.debug_aranges)

.debug_pubnames
 *(.debug_pubnames)

.debug_info
 *(.debug_info)
 *(.gnu.linkonce.wi.*)

.debug_abbrev
 *(.debug_abbrev)

.debug_line
 *(.debug_line)

.debug_frame
 *(.debug_frame)

.debug_str
 *(.debug_str)

.debug_loc
 *(.debug_loc)

.debug_macinfo
 *(.debug_macinfo)
OUTPUT(demo.elf elf32-avr)
LOAD linker stubs
