Archive member included because of file (symbol)

/usr/lib/gcc/avr/4.6.3/avr35/libgcc.a(_mulhi3.o)
                              LUFA/Drivers/USB/Class/Common/HIDParser.o (__mulhi3)
/usr/lib/gcc/avr/4.6.3/avr35/libgcc.a(_exit.o)
                              /usr/lib/gcc/avr/4.6.3/../../../../avr/lib/avr35/crtusb82.o (exit)
/usr/lib/gcc/avr/4.6.3/avr35/libgcc.a(_copy_data.o)
                              Darkgame.o (__do_copy_data)
/usr/lib/gcc/avr/4.6.3/avr35/libgcc.a(_clear_bss.o)
                              Darkgame.o (__do_clear_bss)
/usr/lib/gcc/avr/4.6.3/../../../../avr/lib/avr35/libc.a(memcpy_P.o)
                              LUFA/Drivers/USB/Class/Device/RNDISClassDevice.o (memcpy_P)
/usr/lib/gcc/avr/4.6.3/../../../../avr/lib/avr35/libc.a(memcmp.o)
                              LUFA/Drivers/USB/Class/Device/HIDClassDevice.o (memcmp)
/usr/lib/gcc/avr/4.6.3/../../../../avr/lib/avr35/libc.a(memcpy.o)
                              LUFA/Drivers/USB/Class/Device/HIDClassDevice.o (memcpy)
/usr/lib/gcc/avr/4.6.3/../../../../avr/lib/avr35/libc.a(memset.o)
                              LUFA/Drivers/USB/Class/Device/HIDClassDevice.o (memset)
/usr/lib/gcc/avr/4.6.3/../../../../avr/lib/avr35/libc.a(eerd_byte_at90usb82.o)
                              LUFA/Drivers/USB/Core/AVR8/EndpointStream_AVR8.o (__eerd_byte_usb82)
/usr/lib/gcc/avr/4.6.3/../../../../avr/lib/avr35/libc.a(eeupd_byte_at90usb82.o)
                              LUFA/Drivers/USB/Core/AVR8/EndpointStream_AVR8.o (__eeupd_byte_usb82)

Allocating common symbols
Common symbol       size              file

USB_IsInitialized   0x1               LUFA/Drivers/USB/Core/USBTask.o
USB_Device_ConfigurationNumber
                    0x1               LUFA/Drivers/USB/Core/DeviceStandardReq.o
USB_Device_CurrentlySelfPowered
                    0x1               LUFA/Drivers/USB/Core/DeviceStandardReq.o
USB_ControlRequest  0x8               LUFA/Drivers/USB/Core/USBTask.o
USB_Device_RemoteWakeupEnabled
                    0x1               LUFA/Drivers/USB/Core/DeviceStandardReq.o

Discarded input sections

 .data          0x0000000000000000        0x0 /usr/lib/gcc/avr/4.6.3/../../../../avr/lib/avr35/crtusb82.o
 .bss           0x0000000000000000        0x0 /usr/lib/gcc/avr/4.6.3/../../../../avr/lib/avr35/crtusb82.o
 .text          0x0000000000000000        0x0 Darkgame.o
 .text          0x0000000000000000        0x0 Descriptors.o
 .data          0x0000000000000000        0x0 Descriptors.o
 .bss           0x0000000000000000        0x0 Descriptors.o
 .text          0x0000000000000000        0x0 LUFA/Drivers/USB/Core/AVR8/Device_AVR8.o
 .data          0x0000000000000000        0x0 LUFA/Drivers/USB/Core/AVR8/Device_AVR8.o
 .bss           0x0000000000000000        0x0 LUFA/Drivers/USB/Core/AVR8/Device_AVR8.o
 .text.USB_Device_SendRemoteWakeup
                0x0000000000000000       0x2c LUFA/Drivers/USB/Core/AVR8/Device_AVR8.o
 .text          0x0000000000000000        0x0 LUFA/Drivers/USB/Core/AVR8/Endpoint_AVR8.o
 .data          0x0000000000000000        0x0 LUFA/Drivers/USB/Core/AVR8/Endpoint_AVR8.o
 .bss           0x0000000000000000        0x0 LUFA/Drivers/USB/Core/AVR8/Endpoint_AVR8.o
 .text.Endpoint_ClearEndpoints
                0x0000000000000000       0x28 LUFA/Drivers/USB/Core/AVR8/Endpoint_AVR8.o
 .text          0x0000000000000000        0x0 LUFA/Drivers/USB/Core/AVR8/Host_AVR8.o
 .data          0x0000000000000000        0x0 LUFA/Drivers/USB/Core/AVR8/Host_AVR8.o
 .bss           0x0000000000000000        0x0 LUFA/Drivers/USB/Core/AVR8/Host_AVR8.o
 .text          0x0000000000000000        0x0 LUFA/Drivers/USB/Core/AVR8/Pipe_AVR8.o
 .data          0x0000000000000000        0x0 LUFA/Drivers/USB/Core/AVR8/Pipe_AVR8.o
 .bss           0x0000000000000000        0x0 LUFA/Drivers/USB/Core/AVR8/Pipe_AVR8.o
 .text          0x0000000000000000        0x0 LUFA/Drivers/USB/Core/AVR8/USBController_AVR8.o
 .data          0x0000000000000000        0x0 LUFA/Drivers/USB/Core/AVR8/USBController_AVR8.o
 .bss           0x0000000000000000        0x0 LUFA/Drivers/USB/Core/AVR8/USBController_AVR8.o
 .text.USB_Disable
                0x0000000000000000       0x2e LUFA/Drivers/USB/Core/AVR8/USBController_AVR8.o
 .text          0x0000000000000000        0x0 LUFA/Drivers/USB/Core/AVR8/USBInterrupt_AVR8.o
 .data          0x0000000000000000        0x0 LUFA/Drivers/USB/Core/AVR8/USBInterrupt_AVR8.o
 .bss           0x0000000000000000        0x0 LUFA/Drivers/USB/Core/AVR8/USBInterrupt_AVR8.o
 .text          0x0000000000000000        0x0 LUFA/Drivers/USB/Core/AVR8/EndpointStream_AVR8.o
 .data          0x0000000000000000        0x0 LUFA/Drivers/USB/Core/AVR8/EndpointStream_AVR8.o
 .bss           0x0000000000000000        0x0 LUFA/Drivers/USB/Core/AVR8/EndpointStream_AVR8.o
 .text.Endpoint_Discard_Stream
                0x0000000000000000       0x8e LUFA/Drivers/USB/Core/AVR8/EndpointStream_AVR8.o
 .text.Endpoint_Null_Stream
                0x0000000000000000       0x8e LUFA/Drivers/USB/Core/AVR8/EndpointStream_AVR8.o
 .text.Endpoint_Write_Stream_LE
                0x0000000000000000       0xa2 LUFA/Drivers/USB/Core/AVR8/EndpointStream_AVR8.o
 .text.Endpoint_Write_Stream_BE
                0x0000000000000000       0xb0 LUFA/Drivers/USB/Core/AVR8/EndpointStream_AVR8.o
 .text.Endpoint_Read_Stream_LE
                0x0000000000000000       0xa2 LUFA/Drivers/USB/Core/AVR8/EndpointStream_AVR8.o
 .text.Endpoint_Read_Stream_BE
                0x0000000000000000       0xb0 LUFA/Drivers/USB/Core/AVR8/EndpointStream_AVR8.o
 .text.Endpoint_Write_PStream_LE
                0x0000000000000000       0xa6 LUFA/Drivers/USB/Core/AVR8/EndpointStream_AVR8.o
 .text.Endpoint_Write_PStream_BE
                0x0000000000000000       0xb2 LUFA/Drivers/USB/Core/AVR8/EndpointStream_AVR8.o
 .text.Endpoint_Write_EStream_LE
                0x0000000000000000       0xa8 LUFA/Drivers/USB/Core/AVR8/EndpointStream_AVR8.o
 .text.Endpoint_Write_EStream_BE
                0x0000000000000000       0xb2 LUFA/Drivers/USB/Core/AVR8/EndpointStream_AVR8.o
 .text.Endpoint_Read_EStream_LE
                0x0000000000000000       0xa8 LUFA/Drivers/USB/Core/AVR8/EndpointStream_AVR8.o
 .text.Endpoint_Read_EStream_BE
                0x0000000000000000       0xb2 LUFA/Drivers/USB/Core/AVR8/EndpointStream_AVR8.o
 .text.Endpoint_Write_Control_Stream_BE
                0x0000000000000000       0xb8 LUFA/Drivers/USB/Core/AVR8/EndpointStream_AVR8.o
 .text.Endpoint_Read_Control_Stream_LE
                0x0000000000000000       0x8a LUFA/Drivers/USB/Core/AVR8/EndpointStream_AVR8.o
 .text.Endpoint_Read_Control_Stream_BE
                0x0000000000000000       0x7a LUFA/Drivers/USB/Core/AVR8/EndpointStream_AVR8.o
 .text.Endpoint_Write_Control_PStream_BE
                0x0000000000000000       0xba LUFA/Drivers/USB/Core/AVR8/EndpointStream_AVR8.o
 .text.Endpoint_Write_Control_EStream_LE
                0x0000000000000000       0xdc LUFA/Drivers/USB/Core/AVR8/EndpointStream_AVR8.o
 .text.Endpoint_Write_Control_EStream_BE
                0x0000000000000000       0xf0 LUFA/Drivers/USB/Core/AVR8/EndpointStream_AVR8.o
 .text.Endpoint_Read_Control_EStream_LE
                0x0000000000000000       0x8c LUFA/Drivers/USB/Core/AVR8/EndpointStream_AVR8.o
 .text.Endpoint_Read_Control_EStream_BE
                0x0000000000000000       0x8a LUFA/Drivers/USB/Core/AVR8/EndpointStream_AVR8.o
 .text          0x0000000000000000        0x0 LUFA/Drivers/USB/Core/AVR8/PipeStream_AVR8.o
 .data          0x0000000000000000        0x0 LUFA/Drivers/USB/Core/AVR8/PipeStream_AVR8.o
 .bss           0x0000000000000000        0x0 LUFA/Drivers/USB/Core/AVR8/PipeStream_AVR8.o
 .text          0x0000000000000000        0x0 LUFA/Drivers/USB/Core/ConfigDescriptors.o
 .data          0x0000000000000000        0x0 LUFA/Drivers/USB/Core/ConfigDescriptors.o
 .bss           0x0000000000000000        0x0 LUFA/Drivers/USB/Core/ConfigDescriptors.o
 .text.USB_GetNextDescriptorOfType
                0x0000000000000000       0x4e LUFA/Drivers/USB/Core/ConfigDescriptors.o
 .text.USB_GetNextDescriptorOfTypeBefore
                0x0000000000000000       0x56 LUFA/Drivers/USB/Core/ConfigDescriptors.o
 .text.USB_GetNextDescriptorOfTypeAfter
                0x0000000000000000       0x34 LUFA/Drivers/USB/Core/ConfigDescriptors.o
 .text.USB_GetNextDescriptorComp
                0x0000000000000000       0x8e LUFA/Drivers/USB/Core/ConfigDescriptors.o
 .text          0x0000000000000000        0x0 LUFA/Drivers/USB/Core/DeviceStandardReq.o
 .data          0x0000000000000000        0x0 LUFA/Drivers/USB/Core/DeviceStandardReq.o
 .bss           0x0000000000000000        0x0 LUFA/Drivers/USB/Core/DeviceStandardReq.o
 .text          0x0000000000000000        0x0 LUFA/Drivers/USB/Core/Events.o
 .data          0x0000000000000000        0x0 LUFA/Drivers/USB/Core/Events.o
 .bss           0x0000000000000000        0x0 LUFA/Drivers/USB/Core/Events.o
 .text          0x0000000000000000        0x0 LUFA/Drivers/USB/Core/HostStandardReq.o
 .data          0x0000000000000000        0x0 LUFA/Drivers/USB/Core/HostStandardReq.o
 .bss           0x0000000000000000        0x0 LUFA/Drivers/USB/Core/HostStandardReq.o
 .text          0x0000000000000000        0x0 LUFA/Drivers/USB/Core/USBTask.o
 .data          0x0000000000000000        0x0 LUFA/Drivers/USB/Core/USBTask.o
 .bss           0x0000000000000000        0x0 LUFA/Drivers/USB/Core/USBTask.o
 .text          0x0000000000000000        0x0 LUFA/Drivers/USB/Class/Common/HIDParser.o
 .data          0x0000000000000000        0x0 LUFA/Drivers/USB/Class/Common/HIDParser.o
 .bss           0x0000000000000000        0x0 LUFA/Drivers/USB/Class/Common/HIDParser.o
 .text.USB_ProcessHIDReport
                0x0000000000000000      0x7ce LUFA/Drivers/USB/Class/Common/HIDParser.o
 .text.USB_GetHIDReportItemInfo
                0x0000000000000000       0xc2 LUFA/Drivers/USB/Class/Common/HIDParser.o
 .text.USB_SetHIDReportItemInfo
                0x0000000000000000       0xd8 LUFA/Drivers/USB/Class/Common/HIDParser.o
 .text.USB_GetHIDReportSize
                0x0000000000000000       0x60 LUFA/Drivers/USB/Class/Common/HIDParser.o
 .text          0x0000000000000000        0x0 LUFA/Drivers/USB/Class/Device/AudioClassDevice.o
 .data          0x0000000000000000        0x0 LUFA/Drivers/USB/Class/Device/AudioClassDevice.o
 .bss           0x0000000000000000        0x0 LUFA/Drivers/USB/Class/Device/AudioClassDevice.o
 .text.Audio_Device_ProcessControlRequest
                0x0000000000000000      0x318 LUFA/Drivers/USB/Class/Device/AudioClassDevice.o
 .text.Audio_Device_ConfigureEndpoints
                0x0000000000000000       0x30 LUFA/Drivers/USB/Class/Device/AudioClassDevice.o
 .text.Audio_Device_Event_Stub
                0x0000000000000000        0x2 LUFA/Drivers/USB/Class/Device/AudioClassDevice.o
 .text          0x0000000000000000        0x0 LUFA/Drivers/USB/Class/Device/CDCClassDevice.o
 .data          0x0000000000000000        0x8 LUFA/Drivers/USB/Class/Device/CDCClassDevice.o
 .bss           0x0000000000000000        0x0 LUFA/Drivers/USB/Class/Device/CDCClassDevice.o
 .text.CDC_Device_SendString
                0x0000000000000000       0x46 LUFA/Drivers/USB/Class/Device/CDCClassDevice.o
 .text.CDC_Device_SendData
                0x0000000000000000       0x3a LUFA/Drivers/USB/Class/Device/CDCClassDevice.o
 .text.CDC_Device_putchar
                0x0000000000000000       0x1e LUFA/Drivers/USB/Class/Device/CDCClassDevice.o
 .text.CDC_Device_BytesReceived
                0x0000000000000000       0x52 LUFA/Drivers/USB/Class/Device/CDCClassDevice.o
 .text.CDC_Device_getchar_Blocking
                0x0000000000000000       0x32 LUFA/Drivers/USB/Class/Device/CDCClassDevice.o
 .text.CDC_Device_getchar
                0x0000000000000000       0x14 LUFA/Drivers/USB/Class/Device/CDCClassDevice.o
 .text.CDC_Device_SendControlLineStateChange
                0x0000000000000000       0x8c LUFA/Drivers/USB/Class/Device/CDCClassDevice.o
 .text.CDC_Device_CreateStream
                0x0000000000000000       0x26 LUFA/Drivers/USB/Class/Device/CDCClassDevice.o
 .text.CDC_Device_CreateBlockingStream
                0x0000000000000000       0x26 LUFA/Drivers/USB/Class/Device/CDCClassDevice.o
 .text          0x0000000000000000        0x0 LUFA/Drivers/USB/Class/Device/HIDClassDevice.o
 .data          0x0000000000000000        0x0 LUFA/Drivers/USB/Class/Device/HIDClassDevice.o
 .bss           0x0000000000000000        0x0 LUFA/Drivers/USB/Class/Device/HIDClassDevice.o
 .text.HID_Device_ProcessControlRequest
                0x0000000000000000      0x278 LUFA/Drivers/USB/Class/Device/HIDClassDevice.o
 .text.HID_Device_ConfigureEndpoints
                0x0000000000000000       0x34 LUFA/Drivers/USB/Class/Device/HIDClassDevice.o
 .text.HID_Device_USBTask
                0x0000000000000000      0x194 LUFA/Drivers/USB/Class/Device/HIDClassDevice.o
 .text          0x0000000000000000        0x0 LUFA/Drivers/USB/Class/Device/MassStorageClassDevice.o
 .data          0x0000000000000000        0x0 LUFA/Drivers/USB/Class/Device/MassStorageClassDevice.o
 .bss           0x0000000000000000        0x0 LUFA/Drivers/USB/Class/Device/MassStorageClassDevice.o
 .text.MS_Device_ProcessControlRequest
                0x0000000000000000       0x7e LUFA/Drivers/USB/Class/Device/MassStorageClassDevice.o
 .text.MS_Device_ConfigureEndpoints
                0x0000000000000000       0x3c LUFA/Drivers/USB/Class/Device/MassStorageClassDevice.o
 .text.MS_Device_USBTask
                0x0000000000000000      0x24e LUFA/Drivers/USB/Class/Device/MassStorageClassDevice.o
 .text          0x0000000000000000        0x0 LUFA/Drivers/USB/Class/Device/MIDIClassDevice.o
 .data          0x0000000000000000        0x0 LUFA/Drivers/USB/Class/Device/MIDIClassDevice.o
 .bss           0x0000000000000000        0x0 LUFA/Drivers/USB/Class/Device/MIDIClassDevice.o
 .text.MIDI_Device_ConfigureEndpoints
                0x0000000000000000       0x30 LUFA/Drivers/USB/Class/Device/MIDIClassDevice.o
 .text.MIDI_Device_SendEventPacket
                0x0000000000000000       0x3a LUFA/Drivers/USB/Class/Device/MIDIClassDevice.o
 .text.MIDI_Device_Flush
                0x0000000000000000       0x30 LUFA/Drivers/USB/Class/Device/MIDIClassDevice.o
 .text.MIDI_Device_USBTask
                0x0000000000000000       0x1e LUFA/Drivers/USB/Class/Device/MIDIClassDevice.o
 .text.MIDI_Device_ReceiveEventPacket
                0x0000000000000000       0x44 LUFA/Drivers/USB/Class/Device/MIDIClassDevice.o
 .text          0x0000000000000000        0x0 LUFA/Drivers/USB/Class/Device/RNDISClassDevice.o
 .data          0x0000000000000000        0x8 LUFA/Drivers/USB/Class/Device/RNDISClassDevice.o
 .bss           0x0000000000000000        0x0 LUFA/Drivers/USB/Class/Device/RNDISClassDevice.o
 .text.RNDIS_Device_ProcessControlRequest
                0x0000000000000000      0x5b0 LUFA/Drivers/USB/Class/Device/RNDISClassDevice.o
 .text.RNDIS_Device_ConfigureEndpoints
                0x0000000000000000       0x4e LUFA/Drivers/USB/Class/Device/RNDISClassDevice.o
 .text.RNDIS_Device_USBTask
                0x0000000000000000       0x86 LUFA/Drivers/USB/Class/Device/RNDISClassDevice.o
 .text.RNDIS_Device_IsPacketReceived
                0x0000000000000000       0x2e LUFA/Drivers/USB/Class/Device/RNDISClassDevice.o
 .text.RNDIS_Device_ReadPacket
                0x0000000000000000       0xbe LUFA/Drivers/USB/Class/Device/RNDISClassDevice.o
 .text.RNDIS_Device_SendPacket
                0x0000000000000000       0xe0 LUFA/Drivers/USB/Class/Device/RNDISClassDevice.o
 .progmem.data  0x0000000000000000       0x6c LUFA/Drivers/USB/Class/Device/RNDISClassDevice.o
 .text          0x0000000000000000        0x0 LUFA/Drivers/USB/Class/Host/AndroidAccessoryClassHost.o
 .data          0x0000000000000000        0x0 LUFA/Drivers/USB/Class/Host/AndroidAccessoryClassHost.o
 .bss           0x0000000000000000        0x0 LUFA/Drivers/USB/Class/Host/AndroidAccessoryClassHost.o
 .text          0x0000000000000000        0x0 LUFA/Drivers/USB/Class/Host/AudioClassHost.o
 .data          0x0000000000000000        0x0 LUFA/Drivers/USB/Class/Host/AudioClassHost.o
 .bss           0x0000000000000000        0x0 LUFA/Drivers/USB/Class/Host/AudioClassHost.o
 .text          0x0000000000000000        0x0 LUFA/Drivers/USB/Class/Host/CDCClassHost.o
 .data          0x0000000000000000        0x0 LUFA/Drivers/USB/Class/Host/CDCClassHost.o
 .bss           0x0000000000000000        0x0 LUFA/Drivers/USB/Class/Host/CDCClassHost.o
 .text          0x0000000000000000        0x0 LUFA/Drivers/USB/Class/Host/HIDClassHost.o
 .data          0x0000000000000000        0x0 LUFA/Drivers/USB/Class/Host/HIDClassHost.o
 .bss           0x0000000000000000        0x0 LUFA/Drivers/USB/Class/Host/HIDClassHost.o
 .text          0x0000000000000000        0x0 LUFA/Drivers/USB/Class/Host/MassStorageClassHost.o
 .data          0x0000000000000000        0x0 LUFA/Drivers/USB/Class/Host/MassStorageClassHost.o
 .bss           0x0000000000000000        0x0 LUFA/Drivers/USB/Class/Host/MassStorageClassHost.o
 .text          0x0000000000000000        0x0 LUFA/Drivers/USB/Class/Host/MIDIClassHost.o
 .data          0x0000000000000000        0x0 LUFA/Drivers/USB/Class/Host/MIDIClassHost.o
 .bss           0x0000000000000000        0x0 LUFA/Drivers/USB/Class/Host/MIDIClassHost.o
 .text          0x0000000000000000        0x0 LUFA/Drivers/USB/Class/Host/PrinterClassHost.o
 .data          0x0000000000000000        0x0 LUFA/Drivers/USB/Class/Host/PrinterClassHost.o
 .bss           0x0000000000000000        0x0 LUFA/Drivers/USB/Class/Host/PrinterClassHost.o
 .text          0x0000000000000000        0x0 LUFA/Drivers/USB/Class/Host/RNDISClassHost.o
 .data          0x0000000000000000        0x0 LUFA/Drivers/USB/Class/Host/RNDISClassHost.o
 .bss           0x0000000000000000        0x0 LUFA/Drivers/USB/Class/Host/RNDISClassHost.o
 .text          0x0000000000000000        0x0 LUFA/Drivers/USB/Class/Host/StillImageClassHost.o
 .data          0x0000000000000000        0x0 LUFA/Drivers/USB/Class/Host/StillImageClassHost.o
 .bss           0x0000000000000000        0x0 LUFA/Drivers/USB/Class/Host/StillImageClassHost.o
 .text          0x0000000000000000        0x0 /usr/lib/gcc/avr/4.6.3/avr35/libgcc.a(_mulhi3.o)
 .data          0x0000000000000000        0x0 /usr/lib/gcc/avr/4.6.3/avr35/libgcc.a(_mulhi3.o)
 .bss           0x0000000000000000        0x0 /usr/lib/gcc/avr/4.6.3/avr35/libgcc.a(_mulhi3.o)
 .text.libgcc   0x0000000000000000       0x24 /usr/lib/gcc/avr/4.6.3/avr35/libgcc.a(_mulhi3.o)
 .text          0x0000000000000000        0x0 /usr/lib/gcc/avr/4.6.3/avr35/libgcc.a(_exit.o)
 .data          0x0000000000000000        0x0 /usr/lib/gcc/avr/4.6.3/avr35/libgcc.a(_exit.o)
 .bss           0x0000000000000000        0x0 /usr/lib/gcc/avr/4.6.3/avr35/libgcc.a(_exit.o)
 .text.libgcc   0x0000000000000000        0x0 /usr/lib/gcc/avr/4.6.3/avr35/libgcc.a(_exit.o)
 .text          0x0000000000000000        0x0 /usr/lib/gcc/avr/4.6.3/avr35/libgcc.a(_copy_data.o)
 .data          0x0000000000000000        0x0 /usr/lib/gcc/avr/4.6.3/avr35/libgcc.a(_copy_data.o)
 .bss           0x0000000000000000        0x0 /usr/lib/gcc/avr/4.6.3/avr35/libgcc.a(_copy_data.o)
 .text.libgcc   0x0000000000000000        0x0 /usr/lib/gcc/avr/4.6.3/avr35/libgcc.a(_copy_data.o)
 .text          0x0000000000000000        0x0 /usr/lib/gcc/avr/4.6.3/avr35/libgcc.a(_clear_bss.o)
 .data          0x0000000000000000        0x0 /usr/lib/gcc/avr/4.6.3/avr35/libgcc.a(_clear_bss.o)
 .bss           0x0000000000000000        0x0 /usr/lib/gcc/avr/4.6.3/avr35/libgcc.a(_clear_bss.o)
 .text.libgcc   0x0000000000000000        0x0 /usr/lib/gcc/avr/4.6.3/avr35/libgcc.a(_clear_bss.o)
 .text          0x0000000000000000        0x0 /usr/lib/gcc/avr/4.6.3/../../../../avr/lib/avr35/libc.a(memcpy_P.o)
 .data          0x0000000000000000        0x0 /usr/lib/gcc/avr/4.6.3/../../../../avr/lib/avr35/libc.a(memcpy_P.o)
 .bss           0x0000000000000000        0x0 /usr/lib/gcc/avr/4.6.3/../../../../avr/lib/avr35/libc.a(memcpy_P.o)
 .text.avr-libc
                0x0000000000000000       0x12 /usr/lib/gcc/avr/4.6.3/../../../../avr/lib/avr35/libc.a(memcpy_P.o)
 .text          0x0000000000000000        0x0 /usr/lib/gcc/avr/4.6.3/../../../../avr/lib/avr35/libc.a(memcmp.o)
 .data          0x0000000000000000        0x0 /usr/lib/gcc/avr/4.6.3/../../../../avr/lib/avr35/libc.a(memcmp.o)
 .bss           0x0000000000000000        0x0 /usr/lib/gcc/avr/4.6.3/../../../../avr/lib/avr35/libc.a(memcmp.o)
 .text.avr-libc
                0x0000000000000000       0x1a /usr/lib/gcc/avr/4.6.3/../../../../avr/lib/avr35/libc.a(memcmp.o)
 .text          0x0000000000000000        0x0 /usr/lib/gcc/avr/4.6.3/../../../../avr/lib/avr35/libc.a(memcpy.o)
 .data          0x0000000000000000        0x0 /usr/lib/gcc/avr/4.6.3/../../../../avr/lib/avr35/libc.a(memcpy.o)
 .bss           0x0000000000000000        0x0 /usr/lib/gcc/avr/4.6.3/../../../../avr/lib/avr35/libc.a(memcpy.o)
 .text.avr-libc
                0x0000000000000000       0x12 /usr/lib/gcc/avr/4.6.3/../../../../avr/lib/avr35/libc.a(memcpy.o)
 .text          0x0000000000000000        0x0 /usr/lib/gcc/avr/4.6.3/../../../../avr/lib/avr35/libc.a(memset.o)
 .data          0x0000000000000000        0x0 /usr/lib/gcc/avr/4.6.3/../../../../avr/lib/avr35/libc.a(memset.o)
 .bss           0x0000000000000000        0x0 /usr/lib/gcc/avr/4.6.3/../../../../avr/lib/avr35/libc.a(memset.o)
 .text.avr-libc
                0x0000000000000000        0xe /usr/lib/gcc/avr/4.6.3/../../../../avr/lib/avr35/libc.a(memset.o)
 .text          0x0000000000000000        0x0 /usr/lib/gcc/avr/4.6.3/../../../../avr/lib/avr35/libc.a(eerd_byte_at90usb82.o)
 .data          0x0000000000000000        0x0 /usr/lib/gcc/avr/4.6.3/../../../../avr/lib/avr35/libc.a(eerd_byte_at90usb82.o)
 .bss           0x0000000000000000        0x0 /usr/lib/gcc/avr/4.6.3/../../../../avr/lib/avr35/libc.a(eerd_byte_at90usb82.o)
 .text.avr-libc
                0x0000000000000000       0x10 /usr/lib/gcc/avr/4.6.3/../../../../avr/lib/avr35/libc.a(eerd_byte_at90usb82.o)
 .text          0x0000000000000000        0x0 /usr/lib/gcc/avr/4.6.3/../../../../avr/lib/avr35/libc.a(eeupd_byte_at90usb82.o)
 .data          0x0000000000000000        0x0 /usr/lib/gcc/avr/4.6.3/../../../../avr/lib/avr35/libc.a(eeupd_byte_at90usb82.o)
 .bss           0x0000000000000000        0x0 /usr/lib/gcc/avr/4.6.3/../../../../avr/lib/avr35/libc.a(eeupd_byte_at90usb82.o)
 .text.avr-libc
                0x0000000000000000       0x24 /usr/lib/gcc/avr/4.6.3/../../../../avr/lib/avr35/libc.a(eeupd_byte_at90usb82.o)

Memory Configuration

Name             Origin             Length             Attributes
text             0x0000000000000000 0x0000000000010000 xr
data             0x0000000000800060 0x000000000000ffa0 rw !x
eeprom           0x0000000000810000 0x0000000000010000 rw !x
*default*        0x0000000000000000 0xffffffffffffffff

Linker script and memory map

Address of section .data set to 0x800100
LOAD /usr/lib/gcc/avr/4.6.3/../../../../avr/lib/avr35/crtusb82.o
LOAD /usr/lib/gcc/avr/4.6.3/../../../../avr/lib/avr35/libm.a
LOAD Darkgame.o
LOAD Descriptors.o
LOAD LUFA/Drivers/USB/Core/AVR8/Device_AVR8.o
LOAD LUFA/Drivers/USB/Core/AVR8/Endpoint_AVR8.o
LOAD LUFA/Drivers/USB/Core/AVR8/Host_AVR8.o
LOAD LUFA/Drivers/USB/Core/AVR8/Pipe_AVR8.o
LOAD LUFA/Drivers/USB/Core/AVR8/USBController_AVR8.o
LOAD LUFA/Drivers/USB/Core/AVR8/USBInterrupt_AVR8.o
LOAD LUFA/Drivers/USB/Core/AVR8/EndpointStream_AVR8.o
LOAD LUFA/Drivers/USB/Core/AVR8/PipeStream_AVR8.o
LOAD LUFA/Drivers/USB/Core/ConfigDescriptors.o
LOAD LUFA/Drivers/USB/Core/DeviceStandardReq.o
LOAD LUFA/Drivers/USB/Core/Events.o
LOAD LUFA/Drivers/USB/Core/HostStandardReq.o
LOAD LUFA/Drivers/USB/Core/USBTask.o
LOAD LUFA/Drivers/USB/Class/Common/HIDParser.o
LOAD LUFA/Drivers/USB/Class/Device/AudioClassDevice.o
LOAD LUFA/Drivers/USB/Class/Device/CDCClassDevice.o
LOAD LUFA/Drivers/USB/Class/Device/HIDClassDevice.o
LOAD LUFA/Drivers/USB/Class/Device/MassStorageClassDevice.o
LOAD LUFA/Drivers/USB/Class/Device/MIDIClassDevice.o
LOAD LUFA/Drivers/USB/Class/Device/RNDISClassDevice.o
LOAD LUFA/Drivers/USB/Class/Host/AndroidAccessoryClassHost.o
LOAD LUFA/Drivers/USB/Class/Host/AudioClassHost.o
LOAD LUFA/Drivers/USB/Class/Host/CDCClassHost.o
LOAD LUFA/Drivers/USB/Class/Host/HIDClassHost.o
LOAD LUFA/Drivers/USB/Class/Host/MassStorageClassHost.o
LOAD LUFA/Drivers/USB/Class/Host/MIDIClassHost.o
LOAD LUFA/Drivers/USB/Class/Host/PrinterClassHost.o
LOAD LUFA/Drivers/USB/Class/Host/RNDISClassHost.o
LOAD LUFA/Drivers/USB/Class/Host/StillImageClassHost.o
LOAD /usr/lib/gcc/avr/4.6.3/avr35/libgcc.a
LOAD /usr/lib/gcc/avr/4.6.3/../../../../avr/lib/avr35/libc.a
LOAD /usr/lib/gcc/avr/4.6.3/avr35/libgcc.a

.hash
 *(.hash)

.dynsym
 *(.dynsym)

.dynstr
 *(.dynstr)

.gnu.version
 *(.gnu.version)

.gnu.version_d
 *(.gnu.version_d)

.gnu.version_r
 *(.gnu.version_r)

.rel.init
 *(.rel.init)

.rela.init
 *(.rela.init)

.rel.text
 *(.rel.text)
 *(.rel.text.*)
 *(.rel.gnu.linkonce.t*)

.rela.text
 *(.rela.text)
 *(.rela.text.*)
 *(.rela.gnu.linkonce.t*)

.rel.fini
 *(.rel.fini)

.rela.fini
 *(.rela.fini)

.rel.rodata
 *(.rel.rodata)
 *(.rel.rodata.*)
 *(.rel.gnu.linkonce.r*)

.rela.rodata
 *(.rela.rodata)
 *(.rela.rodata.*)
 *(.rela.gnu.linkonce.r*)

.rel.data
 *(.rel.data)
 *(.rel.data.*)
 *(.rel.gnu.linkonce.d*)

.rela.data
 *(.rela.data)
 *(.rela.data.*)
 *(.rela.gnu.linkonce.d*)

.rel.ctors
 *(.rel.ctors)

.rela.ctors
 *(.rela.ctors)

.rel.dtors
 *(.rel.dtors)

.rela.dtors
 *(.rela.dtors)

.rel.got
 *(.rel.got)

.rela.got
 *(.rela.got)

.rel.bss
 *(.rel.bss)

.rela.bss
 *(.rela.bss)

.rel.plt
 *(.rel.plt)

.rela.plt
 *(.rela.plt)

.text           0x0000000000000000      0xe90
 *(.vectors)
 .vectors       0x0000000000000000       0x74 /usr/lib/gcc/avr/4.6.3/../../../../avr/lib/avr35/crtusb82.o
                0x0000000000000000                __vectors
                0x0000000000000000                __vector_default
 *(.vectors)
 *(.progmem.gcc*)
 *(.progmem*)
 .progmem.data  0x0000000000000074       0x96 Descriptors.o
                0x0000000000000074                ProductString
                0x000000000000009e                ManufacturerString
                0x00000000000000b6                LanguageString
                0x00000000000000ba                ConfigurationDescriptor
                0x00000000000000f8                DeviceDescriptor
                0x000000000000010a                . = ALIGN (0x2)
                0x000000000000010a                __trampolines_start = .
 *(.trampolines)
 .trampolines   0x000000000000010a        0x0 linker stubs
 *(.trampolines*)
                0x000000000000010a                __trampolines_end = .
 *(.jumptables)
 *(.jumptables*)
 *(.lowtext)
 *(.lowtext*)
                0x000000000000010a                __ctors_start = .
 *(.ctors)
                0x000000000000010a                __ctors_end = .
                0x000000000000010a                __dtors_start = .
 *(.dtors)
                0x000000000000010a                __dtors_end = .
 SORT(*)(.ctors)
 SORT(*)(.dtors)
 *(.init0)
 .init0         0x000000000000010a        0x0 /usr/lib/gcc/avr/4.6.3/../../../../avr/lib/avr35/crtusb82.o
                0x000000000000010a                __init
 *(.init0)
 *(.init1)
 *(.init1)
 *(.init2)
 .init2         0x000000000000010a        0xc /usr/lib/gcc/avr/4.6.3/../../../../avr/lib/avr35/crtusb82.o
 *(.init2)
 *(.init3)
 *(.init3)
 *(.init4)
 .init4         0x0000000000000116       0x16 /usr/lib/gcc/avr/4.6.3/avr35/libgcc.a(_copy_data.o)
                0x0000000000000116                __do_copy_data
 .init4         0x000000000000012c       0x10 /usr/lib/gcc/avr/4.6.3/avr35/libgcc.a(_clear_bss.o)
                0x000000000000012c                __do_clear_bss
 *(.init4)
 *(.init5)
 *(.init5)
 *(.init6)
 *(.init6)
 *(.init7)
 *(.init7)
 *(.init8)
 *(.init8)
 *(.init9)
 .init9         0x000000000000013c        0x4 /usr/lib/gcc/avr/4.6.3/../../../../avr/lib/avr35/crtusb82.o
 *(.init9)
 *(.text)
 .text          0x0000000000000140        0x2 /usr/lib/gcc/avr/4.6.3/../../../../avr/lib/avr35/crtusb82.o
                0x0000000000000140                __vector_22
                0x0000000000000140                __vector_28
                0x0000000000000140                __vector_1
                0x0000000000000140                __vector_24
                0x0000000000000140                __bad_interrupt
                0x0000000000000140                __vector_6
                0x0000000000000140                __vector_3
                0x0000000000000140                __vector_23
                0x0000000000000140                __vector_25
                0x0000000000000140                __vector_13
                0x0000000000000140                __vector_17
                0x0000000000000140                __vector_19
                0x0000000000000140                __vector_7
                0x0000000000000140                __vector_27
                0x0000000000000140                __vector_5
                0x0000000000000140                __vector_4
                0x0000000000000140                __vector_9
                0x0000000000000140                __vector_2
                0x0000000000000140                __vector_21
                0x0000000000000140                __vector_15
                0x0000000000000140                __vector_8
                0x0000000000000140                __vector_26
                0x0000000000000140                __vector_14
                0x0000000000000140                __vector_10
                0x0000000000000140                __vector_16
                0x0000000000000140                __vector_18
                0x0000000000000140                __vector_20
                0x0000000000000142                . = ALIGN (0x2)
 *(.text.*)
 .text.RingBuffer_Remove
                0x0000000000000142       0x32 Darkgame.o
 .text.SetupHardware
                0x0000000000000174       0x38 Darkgame.o
                0x0000000000000174                SetupHardware
 .text.startup.main
                0x00000000000001ac      0x140 Darkgame.o
                0x00000000000001ac                main
 .text.EVENT_USB_Device_Connect
                0x00000000000002ec        0x2 Darkgame.o
                0x00000000000002ec                EVENT_USB_Device_Connect
 .text.EVENT_USB_Device_Disconnect
                0x00000000000002ee        0x2 Darkgame.o
                0x00000000000002ee                EVENT_USB_Device_Disconnect
 .text.EVENT_USB_Device_ConfigurationChanged
                0x00000000000002f0        0x6 Darkgame.o
                0x00000000000002f0                EVENT_USB_Device_ConfigurationChanged
 .text.EVENT_USB_Device_ControlRequest
                0x00000000000002f6        0x6 Darkgame.o
                0x00000000000002f6                EVENT_USB_Device_ControlRequest
 .text.CALLBACK_USB_GetDescriptor
                0x00000000000002fc       0x58 Descriptors.o
                0x00000000000002fc                CALLBACK_USB_GetDescriptor
 .text.Endpoint_ConfigureEndpoint_Prv
                0x0000000000000354       0x6a LUFA/Drivers/USB/Core/AVR8/Endpoint_AVR8.o
                0x0000000000000354                Endpoint_ConfigureEndpoint_Prv
 .text.Endpoint_ConfigureEndpointTable
                0x00000000000003be       0x78 LUFA/Drivers/USB/Core/AVR8/Endpoint_AVR8.o
                0x00000000000003be                Endpoint_ConfigureEndpointTable
 .text.Endpoint_ClearStatusStage
                0x0000000000000436       0x3e LUFA/Drivers/USB/Core/AVR8/Endpoint_AVR8.o
                0x0000000000000436                Endpoint_ClearStatusStage
 .text.Endpoint_WaitUntilReady
                0x0000000000000474       0x64 LUFA/Drivers/USB/Core/AVR8/Endpoint_AVR8.o
                0x0000000000000474                Endpoint_WaitUntilReady
 .text.USB_ResetInterface
                0x00000000000004d8       0x70 LUFA/Drivers/USB/Core/AVR8/USBController_AVR8.o
                0x00000000000004d8                USB_ResetInterface
 .text.USB_Init
                0x0000000000000548       0x12 LUFA/Drivers/USB/Core/AVR8/USBController_AVR8.o
                0x0000000000000548                USB_Init
 .text.USB_INT_DisableAllInterrupts
                0x000000000000055a        0x6 LUFA/Drivers/USB/Core/AVR8/USBInterrupt_AVR8.o
                0x000000000000055a                USB_INT_DisableAllInterrupts
 .text.USB_INT_ClearAllInterrupts
                0x0000000000000560        0x6 LUFA/Drivers/USB/Core/AVR8/USBInterrupt_AVR8.o
                0x0000000000000560                USB_INT_ClearAllInterrupts
 .text.__vector_11
                0x0000000000000566      0x148 LUFA/Drivers/USB/Core/AVR8/USBInterrupt_AVR8.o
                0x0000000000000566                __vector_11
 .text.__vector_12
                0x00000000000006ae       0x76 LUFA/Drivers/USB/Core/AVR8/USBInterrupt_AVR8.o
                0x00000000000006ae                __vector_12
 .text.Endpoint_Write_Control_Stream_LE
                0x0000000000000724       0xc6 LUFA/Drivers/USB/Core/AVR8/EndpointStream_AVR8.o
                0x0000000000000724                Endpoint_Write_Control_Stream_LE
 .text.Endpoint_Write_Control_PStream_LE
                0x00000000000007ea       0xc8 LUFA/Drivers/USB/Core/AVR8/EndpointStream_AVR8.o
                0x00000000000007ea                Endpoint_Write_Control_PStream_LE
 .text.USB_Device_ProcessControlRequest
                0x00000000000008b2      0x2ce LUFA/Drivers/USB/Core/DeviceStandardReq.o
                0x00000000000008b2                USB_Device_ProcessControlRequest
 .text.USB_Event_Stub
                0x0000000000000b80        0x2 LUFA/Drivers/USB/Core/Events.o
                0x0000000000000b80                EVENT_USB_Device_WakeUp
                0x0000000000000b80                USB_Event_Stub
                0x0000000000000b80                EVENT_USB_Device_Suspend
                0x0000000000000b80                EVENT_USB_Device_StartOfFrame
                0x0000000000000b80                EVENT_USB_Device_Reset
 .text.USB_USBTask
                0x0000000000000b82       0x36 LUFA/Drivers/USB/Core/USBTask.o
                0x0000000000000b82                USB_USBTask
 .text.CDC_Device_ProcessControlRequest
                0x0000000000000bb8      0x158 LUFA/Drivers/USB/Class/Device/CDCClassDevice.o
                0x0000000000000bb8                CDC_Device_ProcessControlRequest
 .text.CDC_Device_ConfigureEndpoints
                0x0000000000000d10       0x48 LUFA/Drivers/USB/Class/Device/CDCClassDevice.o
                0x0000000000000d10                CDC_Device_ConfigureEndpoints
 .text.CDC_Device_SendByte
                0x0000000000000d58       0x4c LUFA/Drivers/USB/Class/Device/CDCClassDevice.o
                0x0000000000000d58                CDC_Device_SendByte
 .text.CDC_Device_Flush
                0x0000000000000da4       0x5a LUFA/Drivers/USB/Class/Device/CDCClassDevice.o
                0x0000000000000da4                CDC_Device_Flush
 .text.CDC_Device_USBTask
                0x0000000000000dfe       0x2e LUFA/Drivers/USB/Class/Device/CDCClassDevice.o
                0x0000000000000dfe                CDC_Device_USBTask
 .text.CDC_Device_ReceiveByte
                0x0000000000000e2c       0x5e LUFA/Drivers/USB/Class/Device/CDCClassDevice.o
                0x0000000000000e2c                CDC_Device_ReceiveByte
 .text.CDC_Device_Event_Stub
                0x0000000000000e8a        0x2 LUFA/Drivers/USB/Class/Device/CDCClassDevice.o
                0x0000000000000e8a                EVENT_CDC_Device_LineEncodingChanged
                0x0000000000000e8a                EVENT_CDC_Device_ControLineStateChanged
                0x0000000000000e8a                EVENT_CDC_Device_BreakSent
                0x0000000000000e8a                CDC_Device_Event_Stub
                0x0000000000000e8c                . = ALIGN (0x2)
 *(.fini9)
 .fini9         0x0000000000000e8c        0x0 /usr/lib/gcc/avr/4.6.3/avr35/libgcc.a(_exit.o)
                0x0000000000000e8c                exit
                0x0000000000000e8c                _exit
 *(.fini9)
 *(.fini8)
 *(.fini8)
 *(.fini7)
 *(.fini7)
 *(.fini6)
 *(.fini6)
 *(.fini5)
 *(.fini5)
 *(.fini4)
 *(.fini4)
 *(.fini3)
 *(.fini3)
 *(.fini2)
 *(.fini2)
 *(.fini1)
 *(.fini1)
 *(.fini0)
 .fini0         0x0000000000000e8c        0x4 /usr/lib/gcc/avr/4.6.3/avr35/libgcc.a(_exit.o)
 *(.fini0)
                0x0000000000000e90                _etext = .

.data           0x0000000000800100       0x1c load address 0x0000000000000e90
                0x0000000000800100                PROVIDE (__data_start, .)
 *(.data)
 .data          0x0000000000800100       0x1b Darkgame.o
                0x0000000000800100                VirtualSerial_CDC_Interface
 *(.data*)
 *(.rodata)
 *(.rodata*)
 *(.gnu.linkonce.d*)
                0x000000000080011c                . = ALIGN (0x2)
 *fill*         0x000000000080011b        0x1 00
                0x000000000080011c                _edata = .
                0x000000000080011c                PROVIDE (__data_end, .)

.bss            0x000000000080011c      0x124
                0x000000000080011c                PROVIDE (__bss_start, .)
 *(.bss)
 .bss           0x000000000080011c      0x118 Darkgame.o
 *(.bss*)
 *(COMMON)
 COMMON         0x0000000000800234        0x3 LUFA/Drivers/USB/Core/DeviceStandardReq.o
                0x0000000000800234                USB_Device_ConfigurationNumber
                0x0000000000800235                USB_Device_CurrentlySelfPowered
                0x0000000000800236                USB_Device_RemoteWakeupEnabled
 COMMON         0x0000000000800237        0x9 LUFA/Drivers/USB/Core/USBTask.o
                0x0000000000800237                USB_IsInitialized
                0x0000000000800238                USB_ControlRequest
                0x0000000000800240                PROVIDE (__bss_end, .)
                0x0000000000000e90                __data_load_start = LOADADDR (.data)
                0x0000000000000eac                __data_load_end = (__data_load_start + SIZEOF (.data))

.noinit         0x0000000000800240        0x0
                0x0000000000800240                PROVIDE (__noinit_start, .)
 *(.noinit*)
                0x0000000000800240                PROVIDE (__noinit_end, .)
                0x0000000000800240                _end = .
                0x0000000000800240                PROVIDE (__heap_start, .)

.eeprom         0x0000000000810000        0x0
 *(.eeprom*)
                0x0000000000810000                __eeprom_end = .

.stab           0x0000000000000000      0xc18
 *(.stab)
 .stab          0x0000000000000000      0x6cc /usr/lib/gcc/avr/4.6.3/../../../../avr/lib/avr35/crtusb82.o
 .stab          0x00000000000006cc       0x18 /usr/lib/gcc/avr/4.6.3/avr35/libgcc.a(_mulhi3.o)
                                        0x120 (size before relaxing)
 .stab          0x00000000000006e4       0x54 /usr/lib/gcc/avr/4.6.3/avr35/libgcc.a(_exit.o)
                                         0x60 (size before relaxing)
 .stab          0x0000000000000738       0x9c /usr/lib/gcc/avr/4.6.3/avr35/libgcc.a(_copy_data.o)
                                         0xa8 (size before relaxing)
 .stab          0x00000000000007d4       0x78 /usr/lib/gcc/avr/4.6.3/avr35/libgcc.a(_clear_bss.o)
                                         0x84 (size before relaxing)
 .stab          0x000000000000084c       0x84 /usr/lib/gcc/avr/4.6.3/../../../../avr/lib/avr35/libc.a(memcpy_P.o)
                                         0x90 (size before relaxing)
 .stab          0x00000000000008d0       0xb4 /usr/lib/gcc/avr/4.6.3/../../../../avr/lib/avr35/libc.a(memcmp.o)
                                         0xc0 (size before relaxing)
 .stab          0x0000000000000984       0x84 /usr/lib/gcc/avr/4.6.3/../../../../avr/lib/avr35/libc.a(memcpy.o)
                                         0x90 (size before relaxing)
 .stab          0x0000000000000a08       0x6c /usr/lib/gcc/avr/4.6.3/../../../../avr/lib/avr35/libc.a(memset.o)
                                         0x78 (size before relaxing)
 .stab          0x0000000000000a74       0x90 /usr/lib/gcc/avr/4.6.3/../../../../avr/lib/avr35/libc.a(eerd_byte_at90usb82.o)
                                         0x9c (size before relaxing)
 .stab          0x0000000000000b04      0x114 /usr/lib/gcc/avr/4.6.3/../../../../avr/lib/avr35/libc.a(eeupd_byte_at90usb82.o)
                                        0x120 (size before relaxing)

.stabstr        0x0000000000000000      0x1fc
 *(.stabstr)
 .stabstr       0x0000000000000000      0x1fc /usr/lib/gcc/avr/4.6.3/../../../../avr/lib/avr35/crtusb82.o

.stab.excl
 *(.stab.excl)

.stab.exclstr
 *(.stab.exclstr)

.stab.index
 *(.stab.index)

.stab.indexstr
 *(.stab.indexstr)

.comment
 *(.comment)

.debug
 *(.debug)

.line
 *(.line)

.debug_srcinfo
 *(.debug_srcinfo)

.debug_sfnames
 *(.debug_sfnames)

.debug_aranges  0x0000000000000000      0x480
 *(.debug_aranges)
 .debug_aranges
                0x0000000000000000       0x50 Darkgame.o
 .debug_aranges
                0x0000000000000050       0x20 Descriptors.o
 .debug_aranges
                0x0000000000000070       0x20 LUFA/Drivers/USB/Core/AVR8/Device_AVR8.o
 .debug_aranges
                0x0000000000000090       0x40 LUFA/Drivers/USB/Core/AVR8/Endpoint_AVR8.o
 .debug_aranges
                0x00000000000000d0       0x30 LUFA/Drivers/USB/Core/AVR8/USBController_AVR8.o
 .debug_aranges
                0x0000000000000100       0x38 LUFA/Drivers/USB/Core/AVR8/USBInterrupt_AVR8.o
 .debug_aranges
                0x0000000000000138       0xc8 LUFA/Drivers/USB/Core/AVR8/EndpointStream_AVR8.o
 .debug_aranges
                0x0000000000000200       0x38 LUFA/Drivers/USB/Core/ConfigDescriptors.o
 .debug_aranges
                0x0000000000000238       0x20 LUFA/Drivers/USB/Core/DeviceStandardReq.o
 .debug_aranges
                0x0000000000000258       0x20 LUFA/Drivers/USB/Core/Events.o
 .debug_aranges
                0x0000000000000278       0x20 LUFA/Drivers/USB/Core/USBTask.o
 .debug_aranges
                0x0000000000000298       0x38 LUFA/Drivers/USB/Class/Common/HIDParser.o
 .debug_aranges
                0x00000000000002d0       0x30 LUFA/Drivers/USB/Class/Device/AudioClassDevice.o
 .debug_aranges
                0x0000000000000300       0x98 LUFA/Drivers/USB/Class/Device/CDCClassDevice.o
 .debug_aranges
                0x0000000000000398       0x30 LUFA/Drivers/USB/Class/Device/HIDClassDevice.o
 .debug_aranges
                0x00000000000003c8       0x30 LUFA/Drivers/USB/Class/Device/MassStorageClassDevice.o
 .debug_aranges
                0x00000000000003f8       0x40 LUFA/Drivers/USB/Class/Device/MIDIClassDevice.o
 .debug_aranges
                0x0000000000000438       0x48 LUFA/Drivers/USB/Class/Device/RNDISClassDevice.o

.debug_pubnames
 *(.debug_pubnames)

.debug_info     0x0000000000000000     0x82a9
 *(.debug_info)
 .debug_info    0x0000000000000000      0x9ae Darkgame.o
 .debug_info    0x00000000000009ae      0x73e Descriptors.o
 .debug_info    0x00000000000010ec       0xd8 LUFA/Drivers/USB/Core/AVR8/Device_AVR8.o
 .debug_info    0x00000000000011c4      0x5fa LUFA/Drivers/USB/Core/AVR8/Endpoint_AVR8.o
 .debug_info    0x00000000000017be       0x6c LUFA/Drivers/USB/Core/AVR8/Host_AVR8.o
 .debug_info    0x000000000000182a       0x6c LUFA/Drivers/USB/Core/AVR8/Pipe_AVR8.o
 .debug_info    0x0000000000001896      0x3de LUFA/Drivers/USB/Core/AVR8/USBController_AVR8.o
 .debug_info    0x0000000000001c74      0x655 LUFA/Drivers/USB/Core/AVR8/USBInterrupt_AVR8.o
 .debug_info    0x00000000000022c9     0x1554 LUFA/Drivers/USB/Core/AVR8/EndpointStream_AVR8.o
 .debug_info    0x000000000000381d       0x6c LUFA/Drivers/USB/Core/AVR8/PipeStream_AVR8.o
 .debug_info    0x0000000000003889      0x38c LUFA/Drivers/USB/Core/ConfigDescriptors.o
 .debug_info    0x0000000000003c15      0x982 LUFA/Drivers/USB/Core/DeviceStandardReq.o
 .debug_info    0x0000000000004597       0x85 LUFA/Drivers/USB/Core/Events.o
 .debug_info    0x000000000000461c      0x245 LUFA/Drivers/USB/Core/USBTask.o
 .debug_info    0x0000000000004861      0x708 LUFA/Drivers/USB/Class/Common/HIDParser.o
 .debug_info    0x0000000000004f69      0x57c LUFA/Drivers/USB/Class/Device/AudioClassDevice.o
 .debug_info    0x00000000000054e5      0xc22 LUFA/Drivers/USB/Class/Device/CDCClassDevice.o
 .debug_info    0x0000000000006107      0x66d LUFA/Drivers/USB/Class/Device/HIDClassDevice.o
 .debug_info    0x0000000000006774      0x7bd LUFA/Drivers/USB/Class/Device/MassStorageClassDevice.o
 .debug_info    0x0000000000006f31      0x4c1 LUFA/Drivers/USB/Class/Device/MIDIClassDevice.o
 .debug_info    0x00000000000073f2      0xeb7 LUFA/Drivers/USB/Class/Device/RNDISClassDevice.o
 *(.gnu.linkonce.wi.*)

.debug_abbrev   0x0000000000000000     0x1f8e
 *(.debug_abbrev)
 .debug_abbrev  0x0000000000000000      0x2e3 Darkgame.o
 .debug_abbrev  0x00000000000002e3      0x133 Descriptors.o
 .debug_abbrev  0x0000000000000416       0x7d LUFA/Drivers/USB/Core/AVR8/Device_AVR8.o
 .debug_abbrev  0x0000000000000493      0x207 LUFA/Drivers/USB/Core/AVR8/Endpoint_AVR8.o
 .debug_abbrev  0x000000000000069a       0x2a LUFA/Drivers/USB/Core/AVR8/Host_AVR8.o
 .debug_abbrev  0x00000000000006c4       0x2a LUFA/Drivers/USB/Core/AVR8/Pipe_AVR8.o
 .debug_abbrev  0x00000000000006ee      0x14d LUFA/Drivers/USB/Core/AVR8/USBController_AVR8.o
 .debug_abbrev  0x000000000000083b      0x1e2 LUFA/Drivers/USB/Core/AVR8/USBInterrupt_AVR8.o
 .debug_abbrev  0x0000000000000a1d      0x1c2 LUFA/Drivers/USB/Core/AVR8/EndpointStream_AVR8.o
 .debug_abbrev  0x0000000000000bdf       0x2a LUFA/Drivers/USB/Core/AVR8/PipeStream_AVR8.o
 .debug_abbrev  0x0000000000000c09      0x148 LUFA/Drivers/USB/Core/ConfigDescriptors.o
 .debug_abbrev  0x0000000000000d51      0x204 LUFA/Drivers/USB/Core/DeviceStandardReq.o
 .debug_abbrev  0x0000000000000f55       0x41 LUFA/Drivers/USB/Core/Events.o
 .debug_abbrev  0x0000000000000f96        0x1 LUFA/Drivers/USB/Core/HostStandardReq.o
 .debug_abbrev  0x0000000000000f97      0x14b LUFA/Drivers/USB/Core/USBTask.o
 .debug_abbrev  0x00000000000010e2      0x1ec LUFA/Drivers/USB/Class/Common/HIDParser.o
 .debug_abbrev  0x00000000000012ce      0x16f LUFA/Drivers/USB/Class/Device/AudioClassDevice.o
 .debug_abbrev  0x000000000000143d      0x345 LUFA/Drivers/USB/Class/Device/CDCClassDevice.o
 .debug_abbrev  0x0000000000001782      0x1b5 LUFA/Drivers/USB/Class/Device/HIDClassDevice.o
 .debug_abbrev  0x0000000000001937      0x205 LUFA/Drivers/USB/Class/Device/MassStorageClassDevice.o
 .debug_abbrev  0x0000000000001b3c      0x185 LUFA/Drivers/USB/Class/Device/MIDIClassDevice.o
 .debug_abbrev  0x0000000000001cc1      0x2c4 LUFA/Drivers/USB/Class/Device/RNDISClassDevice.o
 .debug_abbrev  0x0000000000001f85        0x1 LUFA/Drivers/USB/Class/Host/AndroidAccessoryClassHost.o
 .debug_abbrev  0x0000000000001f86        0x1 LUFA/Drivers/USB/Class/Host/AudioClassHost.o
 .debug_abbrev  0x0000000000001f87        0x1 LUFA/Drivers/USB/Class/Host/CDCClassHost.o
 .debug_abbrev  0x0000000000001f88        0x1 LUFA/Drivers/USB/Class/Host/HIDClassHost.o
 .debug_abbrev  0x0000000000001f89        0x1 LUFA/Drivers/USB/Class/Host/MassStorageClassHost.o
 .debug_abbrev  0x0000000000001f8a        0x1 LUFA/Drivers/USB/Class/Host/MIDIClassHost.o
 .debug_abbrev  0x0000000000001f8b        0x1 LUFA/Drivers/USB/Class/Host/PrinterClassHost.o
 .debug_abbrev  0x0000000000001f8c        0x1 LUFA/Drivers/USB/Class/Host/RNDISClassHost.o
 .debug_abbrev  0x0000000000001f8d        0x1 LUFA/Drivers/USB/Class/Host/StillImageClassHost.o

.debug_line     0x0000000000000000     0x36e2
 *(.debug_line)
 .debug_line    0x0000000000000000      0x394 Darkgame.o
 .debug_line    0x0000000000000394      0x138 Descriptors.o
 .debug_line    0x00000000000004cc       0xf7 LUFA/Drivers/USB/Core/AVR8/Device_AVR8.o
 .debug_line    0x00000000000005c3      0x31d LUFA/Drivers/USB/Core/AVR8/Endpoint_AVR8.o
 .debug_line    0x00000000000008e0       0x1d LUFA/Drivers/USB/Core/AVR8/Host_AVR8.o
 .debug_line    0x00000000000008fd       0x1d LUFA/Drivers/USB/Core/AVR8/Pipe_AVR8.o
 .debug_line    0x000000000000091a      0x1fb LUFA/Drivers/USB/Core/AVR8/USBController_AVR8.o
 .debug_line    0x0000000000000b15      0x34d LUFA/Drivers/USB/Core/AVR8/USBInterrupt_AVR8.o
 .debug_line    0x0000000000000e62      0xbfb LUFA/Drivers/USB/Core/AVR8/EndpointStream_AVR8.o
 .debug_line    0x0000000000001a5d       0x1d LUFA/Drivers/USB/Core/AVR8/PipeStream_AVR8.o
 .debug_line    0x0000000000001a7a      0x15b LUFA/Drivers/USB/Core/ConfigDescriptors.o
 .debug_line    0x0000000000001bd5      0x2f4 LUFA/Drivers/USB/Core/DeviceStandardReq.o
 .debug_line    0x0000000000001ec9       0x4d LUFA/Drivers/USB/Core/Events.o
 .debug_line    0x0000000000001f16        0x0 LUFA/Drivers/USB/Core/HostStandardReq.o
 .debug_line    0x0000000000001f16      0x125 LUFA/Drivers/USB/Core/USBTask.o
 .debug_line    0x000000000000203b      0x26c LUFA/Drivers/USB/Class/Common/HIDParser.o
 .debug_line    0x00000000000022a7      0x2bf LUFA/Drivers/USB/Class/Device/AudioClassDevice.o
 .debug_line    0x0000000000002566      0x526 LUFA/Drivers/USB/Class/Device/CDCClassDevice.o
 .debug_line    0x0000000000002a8c      0x335 LUFA/Drivers/USB/Class/Device/HIDClassDevice.o
 .debug_line    0x0000000000002dc1      0x338 LUFA/Drivers/USB/Class/Device/MassStorageClassDevice.o
 .debug_line    0x00000000000030f9      0x25c LUFA/Drivers/USB/Class/Device/MIDIClassDevice.o
 .debug_line    0x0000000000003355      0x38d LUFA/Drivers/USB/Class/Device/RNDISClassDevice.o
 .debug_line    0x00000000000036e2        0x0 LUFA/Drivers/USB/Class/Host/AndroidAccessoryClassHost.o
 .debug_line    0x00000000000036e2        0x0 LUFA/Drivers/USB/Class/Host/AudioClassHost.o
 .debug_line    0x00000000000036e2        0x0 LUFA/Drivers/USB/Class/Host/CDCClassHost.o
 .debug_line    0x00000000000036e2        0x0 LUFA/Drivers/USB/Class/Host/HIDClassHost.o
 .debug_line    0x00000000000036e2        0x0 LUFA/Drivers/USB/Class/Host/MassStorageClassHost.o
 .debug_line    0x00000000000036e2        0x0 LUFA/Drivers/USB/Class/Host/MIDIClassHost.o
 .debug_line    0x00000000000036e2        0x0 LUFA/Drivers/USB/Class/Host/PrinterClassHost.o
 .debug_line    0x00000000000036e2        0x0 LUFA/Drivers/USB/Class/Host/RNDISClassHost.o
 .debug_line    0x00000000000036e2        0x0 LUFA/Drivers/USB/Class/Host/StillImageClassHost.o

.debug_frame    0x0000000000000000      0xdb0
 *(.debug_frame)
 .debug_frame   0x0000000000000000       0x84 Darkgame.o
 .debug_frame   0x0000000000000084       0x24 Descriptors.o
 .debug_frame   0x00000000000000a8       0x24 LUFA/Drivers/USB/Core/AVR8/Device_AVR8.o
 .debug_frame   0x00000000000000cc       0x78 LUFA/Drivers/USB/Core/AVR8/Endpoint_AVR8.o
 .debug_frame   0x0000000000000144       0x44 LUFA/Drivers/USB/Core/AVR8/USBController_AVR8.o
 .debug_frame   0x0000000000000188       0xe8 LUFA/Drivers/USB/Core/AVR8/USBInterrupt_AVR8.o
 .debug_frame   0x0000000000000270      0x40c LUFA/Drivers/USB/Core/AVR8/EndpointStream_AVR8.o
 .debug_frame   0x000000000000067c       0xbc LUFA/Drivers/USB/Core/ConfigDescriptors.o
 .debug_frame   0x0000000000000738       0x3c LUFA/Drivers/USB/Core/DeviceStandardReq.o
 .debug_frame   0x0000000000000774       0x24 LUFA/Drivers/USB/Core/Events.o
 .debug_frame   0x0000000000000798       0x2c LUFA/Drivers/USB/Core/USBTask.o
 .debug_frame   0x00000000000007c4      0x110 LUFA/Drivers/USB/Class/Common/HIDParser.o
 .debug_frame   0x00000000000008d4       0xa8 LUFA/Drivers/USB/Class/Device/AudioClassDevice.o
 .debug_frame   0x000000000000097c      0x158 LUFA/Drivers/USB/Class/Device/CDCClassDevice.o
 .debug_frame   0x0000000000000ad4       0xf4 LUFA/Drivers/USB/Class/Device/HIDClassDevice.o
 .debug_frame   0x0000000000000bc8       0x80 LUFA/Drivers/USB/Class/Device/MassStorageClassDevice.o
 .debug_frame   0x0000000000000c48       0x70 LUFA/Drivers/USB/Class/Device/MIDIClassDevice.o
 .debug_frame   0x0000000000000cb8       0xf8 LUFA/Drivers/USB/Class/Device/RNDISClassDevice.o

.debug_str      0x0000000000000000     0x3603
 *(.debug_str)
 .debug_str     0x0000000000000000      0x535 Darkgame.o
                                        0x5c2 (size before relaxing)
 .debug_str     0x0000000000000535      0x8ba Descriptors.o
                                        0x9e9 (size before relaxing)
 .debug_str     0x0000000000000def       0x71 LUFA/Drivers/USB/Core/AVR8/Device_AVR8.o
                                        0x126 (size before relaxing)
 .debug_str     0x0000000000000e60      0x33d LUFA/Drivers/USB/Core/AVR8/Endpoint_AVR8.o
                                        0x538 (size before relaxing)
 .debug_str     0x000000000000119d       0x27 LUFA/Drivers/USB/Core/AVR8/Host_AVR8.o
                                         0xce (size before relaxing)
 .debug_str     0x00000000000011c4       0x27 LUFA/Drivers/USB/Core/AVR8/Pipe_AVR8.o
                                         0xce (size before relaxing)
 .debug_str     0x00000000000011eb      0x203 LUFA/Drivers/USB/Core/AVR8/USBController_AVR8.o
                                        0x3f7 (size before relaxing)
 .debug_str     0x00000000000013ee      0x10d LUFA/Drivers/USB/Core/AVR8/USBInterrupt_AVR8.o
                                        0x3f9 (size before relaxing)
 .debug_str     0x00000000000014fb      0x4f7 LUFA/Drivers/USB/Core/AVR8/EndpointStream_AVR8.o
                                        0x73c (size before relaxing)
 .debug_str     0x00000000000019f2       0x2d LUFA/Drivers/USB/Core/AVR8/PipeStream_AVR8.o
                                         0xd4 (size before relaxing)
 .debug_str     0x0000000000001a1f      0x221 LUFA/Drivers/USB/Core/ConfigDescriptors.o
                                        0x30e (size before relaxing)
 .debug_str     0x0000000000001c40      0x38d LUFA/Drivers/USB/Core/DeviceStandardReq.o
                                        0x812 (size before relaxing)
 .debug_str     0x0000000000001fcd       0x2e LUFA/Drivers/USB/Core/Events.o
                                         0xd5 (size before relaxing)
 .debug_str     0x0000000000001ffb       0x48 LUFA/Drivers/USB/Core/USBTask.o
                                        0x27c (size before relaxing)
 .debug_str     0x0000000000002043      0x476 LUFA/Drivers/USB/Class/Common/HIDParser.o
                                        0x5c3 (size before relaxing)
 .debug_str     0x00000000000024b9      0x233 LUFA/Drivers/USB/Class/Device/AudioClassDevice.o
                                        0x4fc (size before relaxing)
 .debug_str     0x00000000000026ec      0x305 LUFA/Drivers/USB/Class/Device/CDCClassDevice.o
                                        0x8b0 (size before relaxing)
 .debug_str     0x00000000000029f1      0x1e7 LUFA/Drivers/USB/Class/Device/HIDClassDevice.o
                                        0x52b (size before relaxing)
 .debug_str     0x0000000000002bd8      0x237 LUFA/Drivers/USB/Class/Device/MassStorageClassDevice.o
                                        0x68c (size before relaxing)
 .debug_str     0x0000000000002e0f      0x112 LUFA/Drivers/USB/Class/Device/MIDIClassDevice.o
                                        0x513 (size before relaxing)
 .debug_str     0x0000000000002f21      0x6e2 LUFA/Drivers/USB/Class/Device/RNDISClassDevice.o
                                        0xbc4 (size before relaxing)

.debug_loc      0x0000000000000000     0x5192
 *(.debug_loc)
 .debug_loc     0x0000000000000000      0x1a0 Darkgame.o
 .debug_loc     0x00000000000001a0      0x142 Descriptors.o
 .debug_loc     0x00000000000002e2      0x356 LUFA/Drivers/USB/Core/AVR8/Endpoint_AVR8.o
 .debug_loc     0x0000000000000638      0x30b LUFA/Drivers/USB/Core/AVR8/USBInterrupt_AVR8.o
 .debug_loc     0x0000000000000943     0x1ca9 LUFA/Drivers/USB/Core/AVR8/EndpointStream_AVR8.o
 .debug_loc     0x00000000000025ec      0x433 LUFA/Drivers/USB/Core/ConfigDescriptors.o
 .debug_loc     0x0000000000002a1f      0x2d6 LUFA/Drivers/USB/Core/DeviceStandardReq.o
 .debug_loc     0x0000000000002cf5       0x49 LUFA/Drivers/USB/Core/USBTask.o
 .debug_loc     0x0000000000002d3e      0xa6f LUFA/Drivers/USB/Class/Common/HIDParser.o
 .debug_loc     0x00000000000037ad      0x286 LUFA/Drivers/USB/Class/Device/AudioClassDevice.o
 .debug_loc     0x0000000000003a33      0x634 LUFA/Drivers/USB/Class/Device/CDCClassDevice.o
 .debug_loc     0x0000000000004067      0x45b LUFA/Drivers/USB/Class/Device/HIDClassDevice.o
 .debug_loc     0x00000000000044c2      0x22c LUFA/Drivers/USB/Class/Device/MassStorageClassDevice.o
 .debug_loc     0x00000000000046ee      0x225 LUFA/Drivers/USB/Class/Device/MIDIClassDevice.o
 .debug_loc     0x0000000000004913      0x87f LUFA/Drivers/USB/Class/Device/RNDISClassDevice.o

.debug_macinfo
 *(.debug_macinfo)
OUTPUT(Darkgame.elf elf32-avr)
LOAD linker stubs

.debug_ranges   0x0000000000000000      0x778
 .debug_ranges  0x0000000000000000       0x98 Darkgame.o
 .debug_ranges  0x0000000000000098       0x10 Descriptors.o
 .debug_ranges  0x00000000000000a8       0x10 LUFA/Drivers/USB/Core/AVR8/Device_AVR8.o
 .debug_ranges  0x00000000000000b8       0xa8 LUFA/Drivers/USB/Core/AVR8/Endpoint_AVR8.o
 .debug_ranges  0x0000000000000160       0x20 LUFA/Drivers/USB/Core/AVR8/USBController_AVR8.o
 .debug_ranges  0x0000000000000180       0x28 LUFA/Drivers/USB/Core/AVR8/USBInterrupt_AVR8.o
 .debug_ranges  0x00000000000001a8      0x318 LUFA/Drivers/USB/Core/AVR8/EndpointStream_AVR8.o
 .debug_ranges  0x00000000000004c0       0x28 LUFA/Drivers/USB/Core/ConfigDescriptors.o
 .debug_ranges  0x00000000000004e8       0x10 LUFA/Drivers/USB/Core/DeviceStandardReq.o
 .debug_ranges  0x00000000000004f8       0x10 LUFA/Drivers/USB/Core/Events.o
 .debug_ranges  0x0000000000000508       0x10 LUFA/Drivers/USB/Core/USBTask.o
 .debug_ranges  0x0000000000000518       0xc8 LUFA/Drivers/USB/Class/Common/HIDParser.o
 .debug_ranges  0x00000000000005e0       0x20 LUFA/Drivers/USB/Class/Device/AudioClassDevice.o
 .debug_ranges  0x0000000000000600       0x88 LUFA/Drivers/USB/Class/Device/CDCClassDevice.o
 .debug_ranges  0x0000000000000688       0x20 LUFA/Drivers/USB/Class/Device/HIDClassDevice.o
 .debug_ranges  0x00000000000006a8       0x20 LUFA/Drivers/USB/Class/Device/MassStorageClassDevice.o
 .debug_ranges  0x00000000000006c8       0x30 LUFA/Drivers/USB/Class/Device/MIDIClassDevice.o
 .debug_ranges  0x00000000000006f8       0x80 LUFA/Drivers/USB/Class/Device/RNDISClassDevice.o

Cross Reference Table

Symbol                                            File
Audio_Device_ConfigureEndpoints                   LUFA/Drivers/USB/Class/Device/AudioClassDevice.o
Audio_Device_Event_Stub                           LUFA/Drivers/USB/Class/Device/AudioClassDevice.o
Audio_Device_ProcessControlRequest                LUFA/Drivers/USB/Class/Device/AudioClassDevice.o
CALLBACK_Audio_Device_GetSetEndpointProperty      LUFA/Drivers/USB/Class/Device/AudioClassDevice.o
CALLBACK_Audio_Device_GetSetInterfaceProperty     LUFA/Drivers/USB/Class/Device/AudioClassDevice.o
CALLBACK_HIDParser_FilterHIDReportItem            LUFA/Drivers/USB/Class/Common/HIDParser.o
CALLBACK_HID_Device_CreateHIDReport               LUFA/Drivers/USB/Class/Device/HIDClassDevice.o
CALLBACK_HID_Device_ProcessHIDReport              LUFA/Drivers/USB/Class/Device/HIDClassDevice.o
CALLBACK_MS_Device_SCSICommandReceived            LUFA/Drivers/USB/Class/Device/MassStorageClassDevice.o
CALLBACK_USB_GetDescriptor                        Descriptors.o
                                                  LUFA/Drivers/USB/Core/DeviceStandardReq.o
CDC_Device_BytesReceived                          LUFA/Drivers/USB/Class/Device/CDCClassDevice.o
CDC_Device_ConfigureEndpoints                     LUFA/Drivers/USB/Class/Device/CDCClassDevice.o
                                                  Darkgame.o
CDC_Device_CreateBlockingStream                   LUFA/Drivers/USB/Class/Device/CDCClassDevice.o
CDC_Device_CreateStream                           LUFA/Drivers/USB/Class/Device/CDCClassDevice.o
CDC_Device_Event_Stub                             LUFA/Drivers/USB/Class/Device/CDCClassDevice.o
CDC_Device_Flush                                  LUFA/Drivers/USB/Class/Device/CDCClassDevice.o
CDC_Device_ProcessControlRequest                  LUFA/Drivers/USB/Class/Device/CDCClassDevice.o
                                                  Darkgame.o
CDC_Device_ReceiveByte                            LUFA/Drivers/USB/Class/Device/CDCClassDevice.o
                                                  Darkgame.o
CDC_Device_SendByte                               LUFA/Drivers/USB/Class/Device/CDCClassDevice.o
                                                  Darkgame.o
CDC_Device_SendControlLineStateChange             LUFA/Drivers/USB/Class/Device/CDCClassDevice.o
CDC_Device_SendData                               LUFA/Drivers/USB/Class/Device/CDCClassDevice.o
CDC_Device_SendString                             LUFA/Drivers/USB/Class/Device/CDCClassDevice.o
CDC_Device_USBTask                                LUFA/Drivers/USB/Class/Device/CDCClassDevice.o
                                                  Darkgame.o
ConfigurationDescriptor                           Descriptors.o
DeviceDescriptor                                  Descriptors.o
EVENT_Audio_Device_StreamStartStop                LUFA/Drivers/USB/Class/Device/AudioClassDevice.o
EVENT_CDC_Device_BreakSent                        LUFA/Drivers/USB/Class/Device/CDCClassDevice.o
EVENT_CDC_Device_ControLineStateChanged           LUFA/Drivers/USB/Class/Device/CDCClassDevice.o
EVENT_CDC_Device_LineEncodingChanged              LUFA/Drivers/USB/Class/Device/CDCClassDevice.o
EVENT_USB_Device_ConfigurationChanged             Darkgame.o
                                                  LUFA/Drivers/USB/Core/DeviceStandardReq.o
EVENT_USB_Device_Connect                          Darkgame.o
                                                  LUFA/Drivers/USB/Core/AVR8/USBInterrupt_AVR8.o
EVENT_USB_Device_ControlRequest                   Darkgame.o
                                                  LUFA/Drivers/USB/Core/DeviceStandardReq.o
EVENT_USB_Device_Disconnect                       Darkgame.o
                                                  LUFA/Drivers/USB/Core/AVR8/USBInterrupt_AVR8.o
EVENT_USB_Device_Reset                            LUFA/Drivers/USB/Core/Events.o
                                                  LUFA/Drivers/USB/Core/AVR8/USBInterrupt_AVR8.o
EVENT_USB_Device_StartOfFrame                     LUFA/Drivers/USB/Core/Events.o
                                                  LUFA/Drivers/USB/Core/AVR8/USBInterrupt_AVR8.o
EVENT_USB_Device_Suspend                          LUFA/Drivers/USB/Core/Events.o
EVENT_USB_Device_WakeUp                           LUFA/Drivers/USB/Core/Events.o
Endpoint_ClearEndpoints                           LUFA/Drivers/USB/Core/AVR8/Endpoint_AVR8.o
Endpoint_ClearStatusStage                         LUFA/Drivers/USB/Core/AVR8/Endpoint_AVR8.o
                                                  LUFA/Drivers/USB/Class/Device/MassStorageClassDevice.o
                                                  LUFA/Drivers/USB/Class/Device/HIDClassDevice.o
                                                  LUFA/Drivers/USB/Class/Device/CDCClassDevice.o
                                                  LUFA/Drivers/USB/Class/Device/AudioClassDevice.o
                                                  LUFA/Drivers/USB/Core/DeviceStandardReq.o
Endpoint_ConfigureEndpointTable                   LUFA/Drivers/USB/Core/AVR8/Endpoint_AVR8.o
                                                  LUFA/Drivers/USB/Class/Device/RNDISClassDevice.o
                                                  LUFA/Drivers/USB/Class/Device/MIDIClassDevice.o
                                                  LUFA/Drivers/USB/Class/Device/MassStorageClassDevice.o
                                                  LUFA/Drivers/USB/Class/Device/HIDClassDevice.o
                                                  LUFA/Drivers/USB/Class/Device/CDCClassDevice.o
                                                  LUFA/Drivers/USB/Class/Device/AudioClassDevice.o
Endpoint_ConfigureEndpoint_Prv                    LUFA/Drivers/USB/Core/AVR8/Endpoint_AVR8.o
                                                  LUFA/Drivers/USB/Core/AVR8/USBInterrupt_AVR8.o
                                                  LUFA/Drivers/USB/Core/AVR8/USBController_AVR8.o
Endpoint_Discard_Stream                           LUFA/Drivers/USB/Core/AVR8/EndpointStream_AVR8.o
Endpoint_Null_Stream                              LUFA/Drivers/USB/Core/AVR8/EndpointStream_AVR8.o
Endpoint_Read_Control_EStream_BE                  LUFA/Drivers/USB/Core/AVR8/EndpointStream_AVR8.o
Endpoint_Read_Control_EStream_LE                  LUFA/Drivers/USB/Core/AVR8/EndpointStream_AVR8.o
Endpoint_Read_Control_Stream_BE                   LUFA/Drivers/USB/Core/AVR8/EndpointStream_AVR8.o
Endpoint_Read_Control_Stream_LE                   LUFA/Drivers/USB/Core/AVR8/EndpointStream_AVR8.o
                                                  LUFA/Drivers/USB/Class/Device/RNDISClassDevice.o
                                                  LUFA/Drivers/USB/Class/Device/HIDClassDevice.o
                                                  LUFA/Drivers/USB/Class/Device/AudioClassDevice.o
Endpoint_Read_EStream_BE                          LUFA/Drivers/USB/Core/AVR8/EndpointStream_AVR8.o
Endpoint_Read_EStream_LE                          LUFA/Drivers/USB/Core/AVR8/EndpointStream_AVR8.o
Endpoint_Read_Stream_BE                           LUFA/Drivers/USB/Core/AVR8/EndpointStream_AVR8.o
Endpoint_Read_Stream_LE                           LUFA/Drivers/USB/Core/AVR8/EndpointStream_AVR8.o
                                                  LUFA/Drivers/USB/Class/Device/RNDISClassDevice.o
                                                  LUFA/Drivers/USB/Class/Device/MIDIClassDevice.o
                                                  LUFA/Drivers/USB/Class/Device/MassStorageClassDevice.o
Endpoint_WaitUntilReady                           LUFA/Drivers/USB/Core/AVR8/Endpoint_AVR8.o
                                                  LUFA/Drivers/USB/Class/Device/RNDISClassDevice.o
                                                  LUFA/Drivers/USB/Class/Device/MIDIClassDevice.o
                                                  LUFA/Drivers/USB/Class/Device/CDCClassDevice.o
                                                  LUFA/Drivers/USB/Core/AVR8/EndpointStream_AVR8.o
Endpoint_Write_Control_EStream_BE                 LUFA/Drivers/USB/Core/AVR8/EndpointStream_AVR8.o
Endpoint_Write_Control_EStream_LE                 LUFA/Drivers/USB/Core/AVR8/EndpointStream_AVR8.o
Endpoint_Write_Control_PStream_BE                 LUFA/Drivers/USB/Core/AVR8/EndpointStream_AVR8.o
Endpoint_Write_Control_PStream_LE                 LUFA/Drivers/USB/Core/AVR8/EndpointStream_AVR8.o
                                                  LUFA/Drivers/USB/Core/DeviceStandardReq.o
Endpoint_Write_Control_Stream_BE                  LUFA/Drivers/USB/Core/AVR8/EndpointStream_AVR8.o
Endpoint_Write_Control_Stream_LE                  LUFA/Drivers/USB/Core/AVR8/EndpointStream_AVR8.o
                                                  LUFA/Drivers/USB/Class/Device/RNDISClassDevice.o
                                                  LUFA/Drivers/USB/Class/Device/HIDClassDevice.o
                                                  LUFA/Drivers/USB/Class/Device/AudioClassDevice.o
                                                  LUFA/Drivers/USB/Core/DeviceStandardReq.o
Endpoint_Write_EStream_BE                         LUFA/Drivers/USB/Core/AVR8/EndpointStream_AVR8.o
Endpoint_Write_EStream_LE                         LUFA/Drivers/USB/Core/AVR8/EndpointStream_AVR8.o
Endpoint_Write_PStream_BE                         LUFA/Drivers/USB/Core/AVR8/EndpointStream_AVR8.o
Endpoint_Write_PStream_LE                         LUFA/Drivers/USB/Core/AVR8/EndpointStream_AVR8.o
Endpoint_Write_Stream_BE                          LUFA/Drivers/USB/Core/AVR8/EndpointStream_AVR8.o
Endpoint_Write_Stream_LE                          LUFA/Drivers/USB/Core/AVR8/EndpointStream_AVR8.o
                                                  LUFA/Drivers/USB/Class/Device/RNDISClassDevice.o
                                                  LUFA/Drivers/USB/Class/Device/MIDIClassDevice.o
                                                  LUFA/Drivers/USB/Class/Device/MassStorageClassDevice.o
                                                  LUFA/Drivers/USB/Class/Device/HIDClassDevice.o
                                                  LUFA/Drivers/USB/Class/Device/CDCClassDevice.o
HID_Device_ConfigureEndpoints                     LUFA/Drivers/USB/Class/Device/HIDClassDevice.o
HID_Device_ProcessControlRequest                  LUFA/Drivers/USB/Class/Device/HIDClassDevice.o
HID_Device_USBTask                                LUFA/Drivers/USB/Class/Device/HIDClassDevice.o
LanguageString                                    Descriptors.o
MIDI_Device_ConfigureEndpoints                    LUFA/Drivers/USB/Class/Device/MIDIClassDevice.o
MIDI_Device_Flush                                 LUFA/Drivers/USB/Class/Device/MIDIClassDevice.o
MIDI_Device_ReceiveEventPacket                    LUFA/Drivers/USB/Class/Device/MIDIClassDevice.o
MIDI_Device_SendEventPacket                       LUFA/Drivers/USB/Class/Device/MIDIClassDevice.o
MIDI_Device_USBTask                               LUFA/Drivers/USB/Class/Device/MIDIClassDevice.o
MS_Device_ConfigureEndpoints                      LUFA/Drivers/USB/Class/Device/MassStorageClassDevice.o
MS_Device_ProcessControlRequest                   LUFA/Drivers/USB/Class/Device/MassStorageClassDevice.o
MS_Device_USBTask                                 LUFA/Drivers/USB/Class/Device/MassStorageClassDevice.o
ManufacturerString                                Descriptors.o
ProductString                                     Descriptors.o
RNDIS_Device_ConfigureEndpoints                   LUFA/Drivers/USB/Class/Device/RNDISClassDevice.o
RNDIS_Device_IsPacketReceived                     LUFA/Drivers/USB/Class/Device/RNDISClassDevice.o
RNDIS_Device_ProcessControlRequest                LUFA/Drivers/USB/Class/Device/RNDISClassDevice.o
RNDIS_Device_ReadPacket                           LUFA/Drivers/USB/Class/Device/RNDISClassDevice.o
RNDIS_Device_SendPacket                           LUFA/Drivers/USB/Class/Device/RNDISClassDevice.o
RNDIS_Device_USBTask                              LUFA/Drivers/USB/Class/Device/RNDISClassDevice.o
SetupHardware                                     Darkgame.o
USB_ControlRequest                                LUFA/Drivers/USB/Class/Device/RNDISClassDevice.o
                                                  LUFA/Drivers/USB/Class/Device/MassStorageClassDevice.o
                                                  LUFA/Drivers/USB/Class/Device/HIDClassDevice.o
                                                  LUFA/Drivers/USB/Class/Device/CDCClassDevice.o
                                                  LUFA/Drivers/USB/Class/Device/AudioClassDevice.o
                                                  LUFA/Drivers/USB/Core/USBTask.o
                                                  LUFA/Drivers/USB/Core/DeviceStandardReq.o
                                                  LUFA/Drivers/USB/Core/AVR8/EndpointStream_AVR8.o
                                                  LUFA/Drivers/USB/Core/AVR8/Endpoint_AVR8.o
USB_Device_ConfigurationNumber                    LUFA/Drivers/USB/Core/DeviceStandardReq.o
                                                  LUFA/Drivers/USB/Core/AVR8/USBInterrupt_AVR8.o
                                                  LUFA/Drivers/USB/Core/AVR8/USBController_AVR8.o
USB_Device_CurrentlySelfPowered                   LUFA/Drivers/USB/Core/DeviceStandardReq.o
                                                  LUFA/Drivers/USB/Core/AVR8/USBController_AVR8.o
USB_Device_ProcessControlRequest                  LUFA/Drivers/USB/Core/DeviceStandardReq.o
                                                  LUFA/Drivers/USB/Core/USBTask.o
                                                  LUFA/Drivers/USB/Core/AVR8/USBInterrupt_AVR8.o
USB_Device_RemoteWakeupEnabled                    LUFA/Drivers/USB/Core/DeviceStandardReq.o
                                                  LUFA/Drivers/USB/Core/AVR8/USBController_AVR8.o
USB_Device_SendRemoteWakeup                       LUFA/Drivers/USB/Core/AVR8/Device_AVR8.o
USB_Disable                                       LUFA/Drivers/USB/Core/AVR8/USBController_AVR8.o
USB_Event_Stub                                    LUFA/Drivers/USB/Core/Events.o
USB_GetHIDReportItemInfo                          LUFA/Drivers/USB/Class/Common/HIDParser.o
USB_GetHIDReportSize                              LUFA/Drivers/USB/Class/Common/HIDParser.o
USB_GetNextDescriptorComp                         LUFA/Drivers/USB/Core/ConfigDescriptors.o
USB_GetNextDescriptorOfType                       LUFA/Drivers/USB/Core/ConfigDescriptors.o
USB_GetNextDescriptorOfTypeAfter                  LUFA/Drivers/USB/Core/ConfigDescriptors.o
USB_GetNextDescriptorOfTypeBefore                 LUFA/Drivers/USB/Core/ConfigDescriptors.o
USB_INT_ClearAllInterrupts                        LUFA/Drivers/USB/Core/AVR8/USBInterrupt_AVR8.o
                                                  LUFA/Drivers/USB/Core/AVR8/USBController_AVR8.o
USB_INT_DisableAllInterrupts                      LUFA/Drivers/USB/Core/AVR8/USBInterrupt_AVR8.o
                                                  LUFA/Drivers/USB/Core/AVR8/USBController_AVR8.o
USB_Init                                          LUFA/Drivers/USB/Core/AVR8/USBController_AVR8.o
                                                  Darkgame.o
USB_IsInitialized                                 LUFA/Drivers/USB/Core/USBTask.o
                                                  LUFA/Drivers/USB/Core/AVR8/USBController_AVR8.o
USB_ProcessHIDReport                              LUFA/Drivers/USB/Class/Common/HIDParser.o
USB_ResetInterface                                LUFA/Drivers/USB/Core/AVR8/USBController_AVR8.o
USB_SetHIDReportItemInfo                          LUFA/Drivers/USB/Class/Common/HIDParser.o
USB_USBTask                                       LUFA/Drivers/USB/Core/USBTask.o
                                                  LUFA/Drivers/USB/Class/Device/CDCClassDevice.o
                                                  Darkgame.o
VirtualSerial_CDC_Interface                       Darkgame.o
__bad_interrupt                                   /usr/lib/gcc/avr/4.6.3/../../../../avr/lib/avr35/crtusb82.o
__bss_end                                         /usr/lib/gcc/avr/4.6.3/avr35/libgcc.a(_clear_bss.o)
__bss_start                                       /usr/lib/gcc/avr/4.6.3/avr35/libgcc.a(_clear_bss.o)
__data_end                                        /usr/lib/gcc/avr/4.6.3/avr35/libgcc.a(_copy_data.o)
__data_load_start                                 /usr/lib/gcc/avr/4.6.3/avr35/libgcc.a(_copy_data.o)
__data_start                                      /usr/lib/gcc/avr/4.6.3/avr35/libgcc.a(_copy_data.o)
__do_clear_bss                                    /usr/lib/gcc/avr/4.6.3/avr35/libgcc.a(_clear_bss.o)
                                                  LUFA/Drivers/USB/Class/Host/StillImageClassHost.o
                                                  LUFA/Drivers/USB/Class/Host/RNDISClassHost.o
                                                  LUFA/Drivers/USB/Class/Host/PrinterClassHost.o
                                                  LUFA/Drivers/USB/Class/Host/MIDIClassHost.o
                                                  LUFA/Drivers/USB/Class/Host/MassStorageClassHost.o
                                                  LUFA/Drivers/USB/Class/Host/HIDClassHost.o
                                                  LUFA/Drivers/USB/Class/Host/CDCClassHost.o
                                                  LUFA/Drivers/USB/Class/Host/AudioClassHost.o
                                                  LUFA/Drivers/USB/Class/Host/AndroidAccessoryClassHost.o
                                                  LUFA/Drivers/USB/Class/Device/RNDISClassDevice.o
                                                  LUFA/Drivers/USB/Class/Device/MIDIClassDevice.o
                                                  LUFA/Drivers/USB/Class/Device/MassStorageClassDevice.o
                                                  LUFA/Drivers/USB/Class/Device/HIDClassDevice.o
                                                  LUFA/Drivers/USB/Class/Device/CDCClassDevice.o
                                                  LUFA/Drivers/USB/Class/Device/AudioClassDevice.o
                                                  LUFA/Drivers/USB/Class/Common/HIDParser.o
                                                  LUFA/Drivers/USB/Core/USBTask.o
                                                  LUFA/Drivers/USB/Core/HostStandardReq.o
                                                  LUFA/Drivers/USB/Core/Events.o
                                                  LUFA/Drivers/USB/Core/DeviceStandardReq.o
                                                  LUFA/Drivers/USB/Core/ConfigDescriptors.o
                                                  LUFA/Drivers/USB/Core/AVR8/PipeStream_AVR8.o
                                                  LUFA/Drivers/USB/Core/AVR8/EndpointStream_AVR8.o
                                                  LUFA/Drivers/USB/Core/AVR8/USBInterrupt_AVR8.o
                                                  LUFA/Drivers/USB/Core/AVR8/USBController_AVR8.o
                                                  LUFA/Drivers/USB/Core/AVR8/Pipe_AVR8.o
                                                  LUFA/Drivers/USB/Core/AVR8/Host_AVR8.o
                                                  LUFA/Drivers/USB/Core/AVR8/Endpoint_AVR8.o
                                                  LUFA/Drivers/USB/Core/AVR8/Device_AVR8.o
                                                  Descriptors.o
                                                  Darkgame.o
__do_copy_data                                    /usr/lib/gcc/avr/4.6.3/avr35/libgcc.a(_copy_data.o)
                                                  LUFA/Drivers/USB/Class/Host/StillImageClassHost.o
                                                  LUFA/Drivers/USB/Class/Host/RNDISClassHost.o
                                                  LUFA/Drivers/USB/Class/Host/PrinterClassHost.o
                                                  LUFA/Drivers/USB/Class/Host/MIDIClassHost.o
                                                  LUFA/Drivers/USB/Class/Host/MassStorageClassHost.o
                                                  LUFA/Drivers/USB/Class/Host/HIDClassHost.o
                                                  LUFA/Drivers/USB/Class/Host/CDCClassHost.o
                                                  LUFA/Drivers/USB/Class/Host/AudioClassHost.o
                                                  LUFA/Drivers/USB/Class/Host/AndroidAccessoryClassHost.o
                                                  LUFA/Drivers/USB/Class/Device/RNDISClassDevice.o
                                                  LUFA/Drivers/USB/Class/Device/MIDIClassDevice.o
                                                  LUFA/Drivers/USB/Class/Device/MassStorageClassDevice.o
                                                  LUFA/Drivers/USB/Class/Device/HIDClassDevice.o
                                                  LUFA/Drivers/USB/Class/Device/CDCClassDevice.o
                                                  LUFA/Drivers/USB/Class/Device/AudioClassDevice.o
                                                  LUFA/Drivers/USB/Class/Common/HIDParser.o
                                                  LUFA/Drivers/USB/Core/USBTask.o
                                                  LUFA/Drivers/USB/Core/HostStandardReq.o
                                                  LUFA/Drivers/USB/Core/Events.o
                                                  LUFA/Drivers/USB/Core/DeviceStandardReq.o
                                                  LUFA/Drivers/USB/Core/ConfigDescriptors.o
                                                  LUFA/Drivers/USB/Core/AVR8/PipeStream_AVR8.o
                                                  LUFA/Drivers/USB/Core/AVR8/EndpointStream_AVR8.o
                                                  LUFA/Drivers/USB/Core/AVR8/USBInterrupt_AVR8.o
                                                  LUFA/Drivers/USB/Core/AVR8/USBController_AVR8.o
                                                  LUFA/Drivers/USB/Core/AVR8/Pipe_AVR8.o
                                                  LUFA/Drivers/USB/Core/AVR8/Host_AVR8.o
                                                  LUFA/Drivers/USB/Core/AVR8/Endpoint_AVR8.o
                                                  LUFA/Drivers/USB/Core/AVR8/Device_AVR8.o
                                                  Descriptors.o
                                                  Darkgame.o
__eerd_byte_usb82                                 /usr/lib/gcc/avr/4.6.3/../../../../avr/lib/avr35/libc.a(eerd_byte_at90usb82.o)
                                                  LUFA/Drivers/USB/Core/AVR8/EndpointStream_AVR8.o
__eeupd_byte_usb82                                /usr/lib/gcc/avr/4.6.3/../../../../avr/lib/avr35/libc.a(eeupd_byte_at90usb82.o)
                                                  LUFA/Drivers/USB/Core/AVR8/EndpointStream_AVR8.o
__eeupd_r18_usb82                                 /usr/lib/gcc/avr/4.6.3/../../../../avr/lib/avr35/libc.a(eeupd_byte_at90usb82.o)
__heap_end                                        /usr/lib/gcc/avr/4.6.3/../../../../avr/lib/avr35/crtusb82.o
__init                                            /usr/lib/gcc/avr/4.6.3/../../../../avr/lib/avr35/crtusb82.o
__mulhi3                                          /usr/lib/gcc/avr/4.6.3/avr35/libgcc.a(_mulhi3.o)
                                                  LUFA/Drivers/USB/Class/Common/HIDParser.o
__stack                                           /usr/lib/gcc/avr/4.6.3/../../../../avr/lib/avr35/crtusb82.o
__vector_1                                        /usr/lib/gcc/avr/4.6.3/../../../../avr/lib/avr35/crtusb82.o
__vector_10                                       /usr/lib/gcc/avr/4.6.3/../../../../avr/lib/avr35/crtusb82.o
__vector_11                                       LUFA/Drivers/USB/Core/AVR8/USBInterrupt_AVR8.o
                                                  /usr/lib/gcc/avr/4.6.3/../../../../avr/lib/avr35/crtusb82.o
__vector_12                                       LUFA/Drivers/USB/Core/AVR8/USBInterrupt_AVR8.o
                                                  /usr/lib/gcc/avr/4.6.3/../../../../avr/lib/avr35/crtusb82.o
__vector_13                                       /usr/lib/gcc/avr/4.6.3/../../../../avr/lib/avr35/crtusb82.o
__vector_14                                       /usr/lib/gcc/avr/4.6.3/../../../../avr/lib/avr35/crtusb82.o
__vector_15                                       /usr/lib/gcc/avr/4.6.3/../../../../avr/lib/avr35/crtusb82.o
__vector_16                                       /usr/lib/gcc/avr/4.6.3/../../../../avr/lib/avr35/crtusb82.o
__vector_17                                       /usr/lib/gcc/avr/4.6.3/../../../../avr/lib/avr35/crtusb82.o
__vector_18                                       /usr/lib/gcc/avr/4.6.3/../../../../avr/lib/avr35/crtusb82.o
__vector_19                                       /usr/lib/gcc/avr/4.6.3/../../../../avr/lib/avr35/crtusb82.o
__vector_2                                        /usr/lib/gcc/avr/4.6.3/../../../../avr/lib/avr35/crtusb82.o
__vector_20                                       /usr/lib/gcc/avr/4.6.3/../../../../avr/lib/avr35/crtusb82.o
__vector_21                                       /usr/lib/gcc/avr/4.6.3/../../../../avr/lib/avr35/crtusb82.o
__vector_22                                       /usr/lib/gcc/avr/4.6.3/../../../../avr/lib/avr35/crtusb82.o
__vector_23                                       /usr/lib/gcc/avr/4.6.3/../../../../avr/lib/avr35/crtusb82.o
__vector_24                                       /usr/lib/gcc/avr/4.6.3/../../../../avr/lib/avr35/crtusb82.o
__vector_25                                       /usr/lib/gcc/avr/4.6.3/../../../../avr/lib/avr35/crtusb82.o
__vector_26                                       /usr/lib/gcc/avr/4.6.3/../../../../avr/lib/avr35/crtusb82.o
__vector_27                                       /usr/lib/gcc/avr/4.6.3/../../../../avr/lib/avr35/crtusb82.o
__vector_28                                       /usr/lib/gcc/avr/4.6.3/../../../../avr/lib/avr35/crtusb82.o
__vector_3                                        /usr/lib/gcc/avr/4.6.3/../../../../avr/lib/avr35/crtusb82.o
__vector_4                                        /usr/lib/gcc/avr/4.6.3/../../../../avr/lib/avr35/crtusb82.o
__vector_5                                        /usr/lib/gcc/avr/4.6.3/../../../../avr/lib/avr35/crtusb82.o
__vector_6                                        /usr/lib/gcc/avr/4.6.3/../../../../avr/lib/avr35/crtusb82.o
__vector_7                                        /usr/lib/gcc/avr/4.6.3/../../../../avr/lib/avr35/crtusb82.o
__vector_8                                        /usr/lib/gcc/avr/4.6.3/../../../../avr/lib/avr35/crtusb82.o
__vector_9                                        /usr/lib/gcc/avr/4.6.3/../../../../avr/lib/avr35/crtusb82.o
__vector_default                                  /usr/lib/gcc/avr/4.6.3/../../../../avr/lib/avr35/crtusb82.o
__vectors                                         /usr/lib/gcc/avr/4.6.3/../../../../avr/lib/avr35/crtusb82.o
_exit                                             /usr/lib/gcc/avr/4.6.3/avr35/libgcc.a(_exit.o)
exit                                              /usr/lib/gcc/avr/4.6.3/avr35/libgcc.a(_exit.o)
                                                  /usr/lib/gcc/avr/4.6.3/../../../../avr/lib/avr35/crtusb82.o
main                                              Darkgame.o
                                                  /usr/lib/gcc/avr/4.6.3/../../../../avr/lib/avr35/crtusb82.o
memcmp                                            /usr/lib/gcc/avr/4.6.3/../../../../avr/lib/avr35/libc.a(memcmp.o)
                                                  LUFA/Drivers/USB/Class/Device/HIDClassDevice.o
memcpy                                            /usr/lib/gcc/avr/4.6.3/../../../../avr/lib/avr35/libc.a(memcpy.o)
                                                  LUFA/Drivers/USB/Class/Device/RNDISClassDevice.o
                                                  LUFA/Drivers/USB/Class/Device/HIDClassDevice.o
memcpy_P                                          /usr/lib/gcc/avr/4.6.3/../../../../avr/lib/avr35/libc.a(memcpy_P.o)
                                                  LUFA/Drivers/USB/Class/Device/RNDISClassDevice.o
memset                                            /usr/lib/gcc/avr/4.6.3/../../../../avr/lib/avr35/libc.a(memset.o)
                                                  LUFA/Drivers/USB/Class/Device/HIDClassDevice.o
